Archive member included to satisfy reference by file (symbol)

d:/gcc-arm-none-eabi-10.3-2021.10-win32/gcc-arm-none-eabi-10.3-2021.10/bin/../lib/gcc/arm-none-eabi/10.3.1/thumb/v7e-m+fp/hard\libgcc.a(_arm_muldf3.o)
                              CMakeFiles/rc.elf.dir/PID_MATLAB_stm32/PID_MATLAB.c.obj (__aeabi_dmul)
d:/gcc-arm-none-eabi-10.3-2021.10-win32/gcc-arm-none-eabi-10.3-2021.10/bin/../lib/gcc/arm-none-eabi/10.3.1/thumb/v7e-m+fp/hard\libgcc.a(_arm_addsubdf3.o)
                              CMakeFiles/rc.elf.dir/PID_MATLAB_stm32/PID_MATLAB.c.obj (__aeabi_dsub)
d:/gcc-arm-none-eabi-10.3-2021.10-win32/gcc-arm-none-eabi-10.3-2021.10/bin/../lib/gcc/arm-none-eabi/10.3.1/thumb/v7e-m+fp/hard\libgcc.a(_arm_muldivdf3.o)
                              CMakeFiles/rc.elf.dir/PID_MATLAB_stm32/PID_MATLAB.c.obj (__aeabi_ddiv)
d:/gcc-arm-none-eabi-10.3-2021.10-win32/gcc-arm-none-eabi-10.3-2021.10/bin/../lib/gcc/arm-none-eabi/10.3.1/thumb/v7e-m+fp/hard\libgcc.a(_arm_cmpdf2.o)
                              CMakeFiles/rc.elf.dir/PID_MATLAB_stm32/PID_MATLAB.c.obj (__aeabi_dcmpeq)
d:/gcc-arm-none-eabi-10.3-2021.10-win32/gcc-arm-none-eabi-10.3-2021.10/bin/../lib/gcc/arm-none-eabi/10.3.1/thumb/v7e-m+fp/hard\libgcc.a(_arm_fixdfsi.o)
                              CMakeFiles/rc.elf.dir/Task/Src/pid_task.c.obj (__aeabi_d2iz)
d:/gcc-arm-none-eabi-10.3-2021.10-win32/gcc-arm-none-eabi-10.3-2021.10/bin/../lib/gcc/arm-none-eabi/10.3.1/thumb/v7e-m+fp/hard\libgcc.a(_arm_fixunsdfsi.o)
                              CMakeFiles/rc.elf.dir/PID_MATLAB_stm32/PID_MATLAB.c.obj (__aeabi_d2uiz)
d:/gcc-arm-none-eabi-10.3-2021.10-win32/gcc-arm-none-eabi-10.3-2021.10/bin/../lib/gcc/arm-none-eabi/10.3.1/thumb/v7e-m+fp/hard\libgcc.a(_aeabi_uldivmod.o)
                              CMakeFiles/rc.elf.dir/Drivers/STM32F4xx_HAL_Driver/Src/stm32f4xx_hal_rcc.c.obj (__aeabi_uldivmod)
d:/gcc-arm-none-eabi-10.3-2021.10-win32/gcc-arm-none-eabi-10.3-2021.10/bin/../lib/gcc/arm-none-eabi/10.3.1/thumb/v7e-m+fp/hard\libgcc.a(_udivmoddi4.o)
                              d:/gcc-arm-none-eabi-10.3-2021.10-win32/gcc-arm-none-eabi-10.3-2021.10/bin/../lib/gcc/arm-none-eabi/10.3.1/thumb/v7e-m+fp/hard\libgcc.a(_aeabi_uldivmod.o) (__udivmoddi4)
d:/gcc-arm-none-eabi-10.3-2021.10-win32/gcc-arm-none-eabi-10.3-2021.10/bin/../lib/gcc/arm-none-eabi/10.3.1/thumb/v7e-m+fp/hard\libgcc.a(_dvmd_tls.o)
                              d:/gcc-arm-none-eabi-10.3-2021.10-win32/gcc-arm-none-eabi-10.3-2021.10/bin/../lib/gcc/arm-none-eabi/10.3.1/thumb/v7e-m+fp/hard\libgcc.a(_aeabi_uldivmod.o) (__aeabi_ldiv0)
d:/gcc-arm-none-eabi-10.3-2021.10-win32/gcc-arm-none-eabi-10.3-2021.10/bin/../lib/gcc/arm-none-eabi/10.3.1/../../../../arm-none-eabi/lib/thumb/v7e-m+fp/hard\libg.a(lib_a-errno.o)
                              CMakeFiles/rc.elf.dir/Core/Src/syscalls.c.obj (__errno)
d:/gcc-arm-none-eabi-10.3-2021.10-win32/gcc-arm-none-eabi-10.3-2021.10/bin/../lib/gcc/arm-none-eabi/10.3.1/../../../../arm-none-eabi/lib/thumb/v7e-m+fp/hard\libg.a(lib_a-exit.o)
                              d:/gcc-arm-none-eabi-10.3-2021.10-win32/gcc-arm-none-eabi-10.3-2021.10/bin/../lib/gcc/arm-none-eabi/10.3.1/../../../../arm-none-eabi/lib/thumb/v7e-m+fp/hard/crt0.o (exit)
d:/gcc-arm-none-eabi-10.3-2021.10-win32/gcc-arm-none-eabi-10.3-2021.10/bin/../lib/gcc/arm-none-eabi/10.3.1/../../../../arm-none-eabi/lib/thumb/v7e-m+fp/hard\libg.a(lib_a-impure.o)
                              d:/gcc-arm-none-eabi-10.3-2021.10-win32/gcc-arm-none-eabi-10.3-2021.10/bin/../lib/gcc/arm-none-eabi/10.3.1/../../../../arm-none-eabi/lib/thumb/v7e-m+fp/hard\libg.a(lib_a-exit.o) (_global_impure_ptr)
d:/gcc-arm-none-eabi-10.3-2021.10-win32/gcc-arm-none-eabi-10.3-2021.10/bin/../lib/gcc/arm-none-eabi/10.3.1/../../../../arm-none-eabi/lib/thumb/v7e-m+fp/hard\libg.a(lib_a-init.o)
                              d:/gcc-arm-none-eabi-10.3-2021.10-win32/gcc-arm-none-eabi-10.3-2021.10/bin/../lib/gcc/arm-none-eabi/10.3.1/../../../../arm-none-eabi/lib/thumb/v7e-m+fp/hard/crt0.o (__libc_init_array)
d:/gcc-arm-none-eabi-10.3-2021.10-win32/gcc-arm-none-eabi-10.3-2021.10/bin/../lib/gcc/arm-none-eabi/10.3.1/../../../../arm-none-eabi/lib/thumb/v7e-m+fp/hard\libg.a(lib_a-memcpy.o)
                              CMakeFiles/rc.elf.dir/Middlewares/Third_Party/FreeRTOS/Source/CMSIS_RTOS_V2/cmsis_os2.c.obj (memcpy)
d:/gcc-arm-none-eabi-10.3-2021.10-win32/gcc-arm-none-eabi-10.3-2021.10/bin/../lib/gcc/arm-none-eabi/10.3.1/../../../../arm-none-eabi/lib/thumb/v7e-m+fp/hard\libg.a(lib_a-memset.o)
                              d:/gcc-arm-none-eabi-10.3-2021.10-win32/gcc-arm-none-eabi-10.3-2021.10/bin/../lib/gcc/arm-none-eabi/10.3.1/../../../../arm-none-eabi/lib/thumb/v7e-m+fp/hard/crt0.o (memset)
d:/gcc-arm-none-eabi-10.3-2021.10-win32/gcc-arm-none-eabi-10.3-2021.10/bin/../lib/gcc/arm-none-eabi/10.3.1/../../../../arm-none-eabi/lib/thumb/v7e-m+fp/hard\libg.a(lib_a-strtod.o)
                              CMakeFiles/rc.elf.dir/Bottom/Scr/debug.c.obj (strtof)
[...]
Memory Configuration

Name             Origin             Length             Attributes
CCMRAM           0x10000000         0x00010000         xrw
RAM              0x20000000         0x00020000         xrw
FLASH            0x08000000         0x00100000         xr
*default*        0x00000000         0xffffffff

Linker script and memory map

LOAD d:/gcc-arm-none-eabi-10.3-2021.10-win32/gcc-arm-none-eabi-10.3-2021.10/bin/../lib/gcc/arm-none-eabi/10.3.1/thumb/v7e-m+fp/hard/crti.o
LOAD d:/gcc-arm-none-eabi-10.3-2021.10-win32/gcc-arm-none-eabi-10.3-2021.10/bin/../lib/gcc/arm-none-eabi/10.3.1/thumb/v7e-m+fp/hard/crtbegin.o
LOAD d:/gcc-arm-none-eabi-10.3-2021.10-win32/gcc-arm-none-eabi-10.3-2021.10/bin/../lib/gcc/arm-none-eabi/10.3.1/../../../../arm-none-eabi/lib/thumb/v7e-m+fp/hard/crt0.o
LOAD CMakeFiles/rc.elf.dir/Bottom/Scr/debug.c.obj
LOAD CMakeFiles/rc.elf.dir/Bottom/Scr/drv_can.c.obj
LOAD CMakeFiles/rc.elf.dir/Bottom/Scr/kalman.c.obj
LOAD CMakeFiles/rc.elf.dir/Bottom/Scr/pid.c.obj
LOAD CMakeFiles/rc.elf.dir/Bottom/Scr/roboinit.c.obj
LOAD CMakeFiles/rc.elf.dir/Core/Src/can.c.obj
LOAD CMakeFiles/rc.elf.dir/Core/Src/dma.c.obj
LOAD CMakeFiles/rc.elf.dir/Core/Src/freertos.c.obj
LOAD CMakeFiles/rc.elf.dir/Core/Src/gpio.c.obj
LOAD CMakeFiles/rc.elf.dir/Core/Src/main.c.obj
LOAD CMakeFiles/rc.elf.dir/Core/Src/stm32f4xx_hal_msp.c.obj
LOAD CMakeFiles/rc.elf.dir/Core/Src/stm32f4xx_hal_timebase_tim.c.obj
LOAD CMakeFiles/rc.elf.dir/Core/Src/stm32f4xx_it.c.obj
LOAD CMakeFiles/rc.elf.dir/Core/Src/syscalls.c.obj
LOAD CMakeFiles/rc.elf.dir/Core/Src/sysmem.c.obj
LOAD CMakeFiles/rc.elf.dir/Core/Src/system_stm32f4xx.c.obj
LOAD CMakeFiles/rc.elf.dir/Core/Src/usart.c.obj
LOAD CMakeFiles/rc.elf.dir/Core/Startup/startup_stm32f405rgtx.s.obj
LOAD CMakeFiles/rc.elf.dir/Drivers/STM32F4xx_HAL_Driver/Src/stm32f4xx_hal.c.obj
LOAD CMakeFiles/rc.elf.dir/Drivers/STM32F4xx_HAL_Driver/Src/stm32f4xx_hal_can.c.obj
LOAD CMakeFiles/rc.elf.dir/Drivers/STM32F4xx_HAL_Driver/Src/stm32f4xx_hal_cortex.c.obj
LOAD CMakeFiles/rc.elf.dir/Drivers/STM32F4xx_HAL_Driver/Src/stm32f4xx_hal_dma.c.obj
LOAD CMakeFiles/rc.elf.dir/Drivers/STM32F4xx_HAL_Driver/Src/stm32f4xx_hal_dma_ex.c.obj
LOAD CMakeFiles/rc.elf.dir/Drivers/STM32F4xx_HAL_Driver/Src/stm32f4xx_hal_exti.c.obj
LOAD CMakeFiles/rc.elf.dir/Drivers/STM32F4xx_HAL_Driver/Src/stm32f4xx_hal_flash.c.obj
LOAD CMakeFiles/rc.elf.dir/Drivers/STM32F4xx_HAL_Driver/Src/stm32f4xx_hal_flash_ex.c.obj
LOAD CMakeFiles/rc.elf.dir/Drivers/STM32F4xx_HAL_Driver/Src/stm32f4xx_hal_flash_ramfunc.c.obj
LOAD CMakeFiles/rc.elf.dir/Drivers/STM32F4xx_HAL_Driver/Src/stm32f4xx_hal_gpio.c.obj
LOAD CMakeFiles/rc.elf.dir/Drivers/STM32F4xx_HAL_Driver/Src/stm32f4xx_hal_pwr.c.obj
LOAD CMakeFiles/rc.elf.dir/Drivers/STM32F4xx_HAL_Driver/Src/stm32f4xx_hal_pwr_ex.c.obj
LOAD CMakeFiles/rc.elf.dir/Drivers/STM32F4xx_HAL_Driver/Src/stm32f4xx_hal_rcc.c.obj
LOAD CMakeFiles/rc.elf.dir/Drivers/STM32F4xx_HAL_Driver/Src/stm32f4xx_hal_rcc_ex.c.obj
LOAD CMakeFiles/rc.elf.dir/Drivers/STM32F4xx_HAL_Driver/Src/stm32f4xx_hal_tim.c.obj
LOAD CMakeFiles/rc.elf.dir/Drivers/STM32F4xx_HAL_Driver/Src/stm32f4xx_hal_tim_ex.c.obj
LOAD CMakeFiles/rc.elf.dir/Drivers/STM32F4xx_HAL_Driver/Src/stm32f4xx_hal_uart.c.obj
LOAD CMakeFiles/rc.elf.dir/Middlewares/Third_Party/FreeRTOS/Source/CMSIS_RTOS_V2/cmsis_os2.c.obj
LOAD CMakeFiles/rc.elf.dir/Middlewares/Third_Party/FreeRTOS/Source/croutine.c.obj
LOAD CMakeFiles/rc.elf.dir/Middlewares/Third_Party/FreeRTOS/Source/event_groups.c.obj
LOAD CMakeFiles/rc.elf.dir/Middlewares/Third_Party/FreeRTOS/Source/list.c.obj
LOAD CMakeFiles/rc.elf.dir/Middlewares/Third_Party/FreeRTOS/Source/portable/GCC/ARM_CM4F/port.c.obj
LOAD CMakeFiles/rc.elf.dir/Middlewares/Third_Party/FreeRTOS/Source/portable/MemMang/heap_4.c.obj
LOAD CMakeFiles/rc.elf.dir/Middlewares/Third_Party/FreeRTOS/Source/queue.c.obj
LOAD CMakeFiles/rc.elf.dir/Middlewares/Third_Party/FreeRTOS/Source/stream_buffer.c.obj
LOAD CMakeFiles/rc.elf.dir/Middlewares/Third_Party/FreeRTOS/Source/tasks.c.obj
LOAD CMakeFiles/rc.elf.dir/Middlewares/Third_Party/FreeRTOS/Source/timers.c.obj
LOAD CMakeFiles/rc.elf.dir/PID_MATLAB_stm32/PID_MATLAB.c.obj
LOAD CMakeFiles/rc.elf.dir/PID_MATLAB_stm32/rtGetInf.c.obj
LOAD CMakeFiles/rc.elf.dir/PID_MATLAB_stm32/rtGetNaN.c.obj
LOAD CMakeFiles/rc.elf.dir/PID_MATLAB_stm32/rt_nonfinite.c.obj
LOAD CMakeFiles/rc.elf.dir/Task/Src/pid_task.c.obj
START GROUP
LOAD d:/gcc-arm-none-eabi-10.3-2021.10-win32/gcc-arm-none-eabi-10.3-2021.10/bin/../lib/gcc/arm-none-eabi/10.3.1/thumb/v7e-m+fp/hard\libgcc.a
LOAD d:/gcc-arm-none-eabi-10.3-2021.10-win32/gcc-arm-none-eabi-10.3-2021.10/bin/../lib/gcc/arm-none-eabi/10.3.1/../../../../arm-none-eabi/lib/thumb/v7e-m+fp/hard\libg.a
LOAD d:/gcc-arm-none-eabi-10.3-2021.10-win32/gcc-arm-none-eabi-10.3-2021.10/bin/../lib/gcc/arm-none-eabi/10.3.1/../../../../arm-none-eabi/lib/thumb/v7e-m+fp/hard\libc.a
END GROUP
LOAD d:/gcc-arm-none-eabi-10.3-2021.10-win32/gcc-arm-none-eabi-10.3-2021.10/bin/../lib/gcc/arm-none-eabi/10.3.1/thumb/v7e-m+fp/hard/crtend.o
LOAD d:/gcc-arm-none-eabi-10.3-2021.10-win32/gcc-arm-none-eabi-10.3-2021.10/bin/../lib/gcc/arm-none-eabi/10.3.1/thumb/v7e-m+fp/hard/crtn.o
                0x20020000                _estack = (ORIGIN (RAM) + LENGTH (RAM))
                0x00000200                _Min_Heap_Size = 0x200
                0x00000400                _Min_Stack_Size = 0x400

.isr_vector     0x08000000      0x188
                0x08000000                . = ALIGN (0x4)
 *(.isr_vector)
 .isr_vector    0x08000000      0x188 CMakeFiles/rc.elf.dir/Core/Startup/startup_stm32f405rgtx.s.obj
                0x08000000                g_pfnVectors
                0x08000188                . = ALIGN (0x4)

.text           0x080001c0     0xdc60
                0x080001c0                . = ALIGN (0x4)
 *(.text)
 .text          0x080001c0      0x378 d:/gcc-arm-none-eabi-10.3-2021.10-win32/gcc-arm-none-eabi-10.3-2021.10/bin/../lib/gcc/arm-none-eabi/10.3.1/thumb/v7e-m+fp/hard\libgcc.a(_arm_addsubdf3.o)
                0x080001c0                __aeabi_drsub
                0x080001c8                __aeabi_dsub
                0x080001c8                __subdf3
                0x080001cc                __aeabi_dadd
                0x080001cc                __adddf3
                0x08000444                __floatunsidf
                0x08000444                __aeabi_ui2d
                0x08000464                __floatsidf
                0x08000464                __aeabi_i2d
                0x08000488                __aeabi_f2d
                0x08000488                __extendsfdf2
                0x080004cc                __floatundidf
                0x080004cc                __aeabi_ul2d
                0x080004dc                __floatdidf
                0x080004dc                __aeabi_l2d
 .text          0x08000538      0x424 d:/gcc-arm-none-eabi-10.3-2021.10-win32/gcc-arm-none-eabi-10.3-2021.10/bin/../lib/gcc/arm-none-eabi/10.3.1/thumb/v7e-m+fp/hard\libgcc.a(_arm_muldivdf3.o)
                0x08000538                __aeabi_dmul
                0x08000538                __muldf3
                0x0800078c                __divdf3
                0x0800078c                __aeabi_ddiv
 .text          0x0800095c      0x110 d:/gcc-arm-none-eabi-10.3-2021.10-win32/gcc-arm-none-eabi-10.3-2021.10/bin/../lib/gcc/arm-none-eabi/10.3.1/thumb/v7e-m+fp/hard\libgcc.a(_arm_cmpdf2.o)
                0x0800095c                __gtdf2
                0x0800095c                __gedf2
                0x08000964                __ltdf2
                0x08000964                __ledf2
                0x0800096c                __nedf2
                0x0800096c                __eqdf2
                0x0800096c                __cmpdf2
                0x080009e8                __aeabi_cdrcmple
                0x080009f8                __aeabi_cdcmpeq
                0x080009f8                __aeabi_cdcmple
                0x08000a08                __aeabi_dcmpeq
                0x08000a1c                __aeabi_dcmplt
                0x08000a30                __aeabi_dcmple
                0x08000a44                __aeabi_dcmpge
                0x08000a58                __aeabi_dcmpgt
 .text          0x08000a6c       0x50 d:/gcc-arm-none-eabi-10.3-2021.10-win32/gcc-arm-none-eabi-10.3-2021.10/bin/../lib/gcc/arm-none-eabi/10.3.1/thumb/v7e-m+fp/hard\libgcc.a(_arm_fixdfsi.o)
                0x08000a6c                __aeabi_d2iz
                0x08000a6c                __fixdfsi
 .text          0x08000abc       0x40 d:/gcc-arm-none-eabi-10.3-2021.10-win32/gcc-arm-none-eabi-10.3-2021.10/bin/../lib/gcc/arm-none-eabi/10.3.1/thumb/v7e-m+fp/hard\libgcc.a(_arm_fixunsdfsi.o)
                0x08000abc                __aeabi_d2uiz
                0x08000abc                __fixunsdfsi
 .text          0x08000afc       0x30 d:/gcc-arm-none-eabi-10.3-2021.10-win32/gcc-arm-none-eabi-10.3-2021.10/bin/../lib/gcc/arm-none-eabi/10.3.1/thumb/v7e-m+fp/hard\libgcc.a(_aeabi_uldivmod.o)
                0x08000afc                __aeabi_uldivmod
 .text          0x08000b2c      0x2d0 d:/gcc-arm-none-eabi-10.3-2021.10-win32/gcc-arm-none-eabi-10.3-2021.10/bin/../lib/gcc/arm-none-eabi/10.3.1/thumb/v7e-m+fp/hard\libgcc.a(_udivmoddi4.o)
                0x08000b2c                __udivmoddi4
 .text          0x08000dfc        0x4 d:/gcc-arm-none-eabi-10.3-2021.10-win32/gcc-arm-none-eabi-10.3-2021.10/bin/../lib/gcc/arm-none-eabi/10.3.1/thumb/v7e-m+fp/hard\libgcc.a(_dvmd_tls.o)
                0x08000dfc                __aeabi_idiv0
                0x08000dfc                __aeabi_ldiv0
 .text          0x08000e00      0x134 d:/gcc-arm-none-eabi-10.3-2021.10-win32/gcc-arm-none-eabi-10.3-2021.10/bin/../lib/gcc/arm-none-eabi/10.3.1/../../../../arm-none-eabi/lib/thumb/v7e-m+fp/hard\libg.a(lib_a-memcpy.o)
                0x08000e00                memcpy
 *fill*         0x08000f34        0xc 
 .text          0x08000f40       0xdc d:/gcc-arm-none-eabi-10.3-2021.10-win32/gcc-arm-none-eabi-10.3-2021.10/bin/../lib/gcc/arm-none-eabi/10.3.1/../../../../arm-none-eabi/lib/thumb/v7e-m+fp/hard\libg.a(lib_a-strlen.o)
                0x08000f40                strlen
 *fill*         0x0800101c        0x4 
 .text          0x08001020       0xa0 d:/gcc-arm-none-eabi-10.3-2021.10-win32/gcc-arm-none-eabi-10.3-2021.10/bin/../lib/gcc/arm-none-eabi/10.3.1/../../../../arm-none-eabi/lib/thumb/v7e-m+fp/hard\libg.a(lib_a-memchr.o)
                0x08001020                memchr
 .text          0x080010c0       0x2c d:/gcc-arm-none-eabi-10.3-2021.10-win32/gcc-arm-none-eabi-10.3-2021.10/bin/../lib/gcc/arm-none-eabi/10.3.1/thumb/v7e-m+fp/hard\libgcc.a(_arm_unorddf2.o)
                0x080010c0                __unorddf2
                0x080010c0                __aeabi_dcmpun
 .text          0x080010ec       0xa0 d:/gcc-arm-none-eabi-10.3-2021.10-win32/gcc-arm-none-eabi-10.3-2021.10/bin/../lib/gcc/arm-none-eabi/10.3.1/thumb/v7e-m+fp/hard\libgcc.a(_arm_truncdfsf2.o)
                0x080010ec                __truncdfsf2
                0x080010ec                __aeabi_d2f
 .text          0x0800118c       0x30 d:/gcc-arm-none-eabi-10.3-2021.10-win32/gcc-arm-none-eabi-10.3-2021.10/bin/../lib/gcc/arm-none-eabi/10.3.1/thumb/v7e-m+fp/hard\libgcc.a(_fixdfdi.o)
                0x0800118c                __fixdfdi
                0x0800118c                __aeabi_d2lz
 .text          0x080011bc       0x3c d:/gcc-arm-none-eabi-10.3-2021.10-win32/gcc-arm-none-eabi-10.3-2021.10/bin/../lib/gcc/arm-none-eabi/10.3.1/thumb/v7e-m+fp/hard\libgcc.a(_fixunsdfdi.o)
                0x080011bc                __fixunsdfdi
                0x080011bc                __aeabi_d2ulz
 *(.text*)
 .text.usart_printf
                0x080011f8       0x38 CMakeFiles/rc.elf.dir/Bottom/Scr/debug.c.obj
                0x080011f8                usart_printf
 .text.Set_Target_UartInit
                0x08001230       0x20 CMakeFiles/rc.elf.dir/Bottom/Scr/debug.c.obj
                0x08001230                Set_Target_UartInit
 .text.Set_Target_UartIdleCallback
                0x08001250       0xbc CMakeFiles/rc.elf.dir/Bottom/Scr/debug.c.obj
                0x08001250                Set_Target_UartIdleCallback
 .text.Set_Target_UartIrqHandler
                0x0800130c       0x34 CMakeFiles/rc.elf.dir/Bottom/Scr/debug.c.obj
                0x0800130c                Set_Target_UartIrqHandler
 .text.CAN_Filter_Init
                0x08001340       0x48 CMakeFiles/rc.elf.dir/Bottom/Scr/drv_can.c.obj
                0x08001340                CAN_Filter_Init
 .text.CAN_All_Init
                0x08001388       0x3c CMakeFiles/rc.elf.dir/Bottom/Scr/drv_can.c.obj
                0x08001388                CAN_All_Init
 .text.CAN_TxMessage
                0x080013c4       0x3e CMakeFiles/rc.elf.dir/Bottom/Scr/drv_can.c.obj
                0x080013c4                CAN_TxMessage
 *fill*         0x08001402        0x2 
 .text.Angle_Consecutive
                0x08001404       0x68 CMakeFiles/rc.elf.dir/Bottom/Scr/drv_can.c.obj
                0x08001404                Angle_Consecutive
 .text.CAN_SendCurrent
                0x0800146c       0x50 CMakeFiles/rc.elf.dir/Bottom/Scr/drv_can.c.obj
                0x0800146c                CAN_SendCurrent
 .text.HAL_CAN_RxFifo0MsgPendingCallback
                0x080014bc      0x164 CMakeFiles/rc.elf.dir/Bottom/Scr/drv_can.c.obj
                0x080014bc                HAL_CAN_RxFifo0MsgPendingCallback
 .text.CAN_GetMotorVelocity
                0x08001620       0x44 CMakeFiles/rc.elf.dir/Bottom/Scr/drv_can.c.obj
                0x08001620                CAN_GetMotorVelocity
 .text.CAN_GetMotorAngel
                0x08001664       0x3c CMakeFiles/rc.elf.dir/Bottom/Scr/drv_can.c.obj
                0x08001664                CAN_GetMotorAngel
 .text.limit_float
                0x080016a0       0x32 CMakeFiles/rc.elf.dir/Bottom/Scr/pid.c.obj
                0x080016a0                limit_float
 .text.PidInit  0x080016d2       0x3c CMakeFiles/rc.elf.dir/Bottom/Scr/pid.c.obj
                0x080016d2                PidInit
 .text.setPidTarget
                0x0800170e        0x6 CMakeFiles/rc.elf.dir/Bottom/Scr/pid.c.obj
                0x0800170e                setPidTarget
 .text.setPidTargetwithRamp
                0x08001714       0x1a CMakeFiles/rc.elf.dir/Bottom/Scr/pid.c.obj
                0x08001714                setPidTargetwithRamp
 .text.Pid_Update_Gamp
                0x0800172e       0xaa CMakeFiles/rc.elf.dir/Bottom/Scr/pid.c.obj
                0x0800172e                Pid_Update_Gamp
 .text.PidGet   0x080017d8       0xe8 CMakeFiles/rc.elf.dir/Bottom/Scr/pid.c.obj
                0x080017d8                PidGet
 .text.roboinit
                0x080018c0       0xa8 CMakeFiles/rc.elf.dir/Bottom/Scr/roboinit.c.obj
                0x080018c0                roboinit
 .text.MX_CAN1_Init
                0x08001968       0x44 CMakeFiles/rc.elf.dir/Core/Src/can.c.obj
                0x08001968                MX_CAN1_Init
 .text.MX_CAN2_Init
                0x080019ac       0x44 CMakeFiles/rc.elf.dir/Core/Src/can.c.obj
                0x080019ac                MX_CAN2_Init
 .text.HAL_CAN_MspInit
                0x080019f0      0x128 CMakeFiles/rc.elf.dir/Core/Src/can.c.obj
                0x080019f0                HAL_CAN_MspInit
 .text.MX_DMA_Init
                0x08001b18       0x44 CMakeFiles/rc.elf.dir/Core/Src/dma.c.obj
                0x08001b18                MX_DMA_Init
 .text.StartDefaultTask
                0x08001b5c        0xa CMakeFiles/rc.elf.dir/Core/Src/freertos.c.obj
                0x08001b5c                StartDefaultTask
 .text.Pid_Task
                0x08001b66       0x18 CMakeFiles/rc.elf.dir/Core/Src/freertos.c.obj
                0x08001b66                Pid_Task
 *fill*         0x08001b7e        0x2 
 .text.MX_FREERTOS_Init
                0x08001b80       0x38 CMakeFiles/rc.elf.dir/Core/Src/freertos.c.obj
                0x08001b80                MX_FREERTOS_Init
 .text.MX_GPIO_Init
                0x08001bb8       0x4c CMakeFiles/rc.elf.dir/Core/Src/gpio.c.obj
                0x08001bb8                MX_GPIO_Init
 .text.HAL_TIM_PeriodElapsedCallback
                0x08001c04       0x12 CMakeFiles/rc.elf.dir/Core/Src/main.c.obj
                0x08001c04                HAL_TIM_PeriodElapsedCallback
 .text.Error_Handler
                0x08001c16        0x4 CMakeFiles/rc.elf.dir/Core/Src/main.c.obj
                0x08001c16                Error_Handler
 *fill*         0x08001c1a        0x2 
 .text.SystemClock_Config
                0x08001c1c       0xac CMakeFiles/rc.elf.dir/Core/Src/main.c.obj
                0x08001c1c                SystemClock_Config
 .text.main     0x08001cc8       0x42 CMakeFiles/rc.elf.dir/Core/Src/main.c.obj
                0x08001cc8                main
 *fill*         0x08001d0a        0x2 
 .text.HAL_MspInit
                0x08001d0c       0x44 CMakeFiles/rc.elf.dir/Core/Src/stm32f4xx_hal_msp.c.obj
                0x08001d0c                HAL_MspInit
 .text.HAL_InitTick
                0x08001d50       0xa4 CMakeFiles/rc.elf.dir/Core/Src/stm32f4xx_hal_timebase_tim.c.obj
                0x08001d50                HAL_InitTick
 .text.NMI_Handler
                0x08001df4        0x2 CMakeFiles/rc.elf.dir/Core/Src/stm32f4xx_it.c.obj
                0x08001df4                NMI_Handler
 .text.HardFault_Handler
                0x08001df6        0x2 CMakeFiles/rc.elf.dir/Core/Src/stm32f4xx_it.c.obj
                0x08001df6                HardFault_Handler
 .text.MemManage_Handler
                0x08001df8        0x2 CMakeFiles/rc.elf.dir/Core/Src/stm32f4xx_it.c.obj
                0x08001df8                MemManage_Handler
 .text.BusFault_Handler
                0x08001dfa        0x2 CMakeFiles/rc.elf.dir/Core/Src/stm32f4xx_it.c.obj
                0x08001dfa                BusFault_Handler
 .text.UsageFault_Handler
                0x08001dfc        0x2 CMakeFiles/rc.elf.dir/Core/Src/stm32f4xx_it.c.obj
                0x08001dfc                UsageFault_Handler
 .text.DebugMon_Handler
                0x08001dfe        0x2 CMakeFiles/rc.elf.dir/Core/Src/stm32f4xx_it.c.obj
                0x08001dfe                DebugMon_Handler
 .text.CAN1_RX0_IRQHandler
                0x08001e00       0x10 CMakeFiles/rc.elf.dir/Core/Src/stm32f4xx_it.c.obj
                0x08001e00                CAN1_RX0_IRQHandler
 .text.TIM2_IRQHandler
                0x08001e10       0x10 CMakeFiles/rc.elf.dir/Core/Src/stm32f4xx_it.c.obj
                0x08001e10                TIM2_IRQHandler
 .text.USART1_IRQHandler
                0x08001e20       0x18 CMakeFiles/rc.elf.dir/Core/Src/stm32f4xx_it.c.obj
                0x08001e20                USART1_IRQHandler
 .text.DMA2_Stream2_IRQHandler
                0x08001e38       0x10 CMakeFiles/rc.elf.dir/Core/Src/stm32f4xx_it.c.obj
                0x08001e38                DMA2_Stream2_IRQHandler
 .text.CAN2_RX0_IRQHandler
                0x08001e48       0x10 CMakeFiles/rc.elf.dir/Core/Src/stm32f4xx_it.c.obj
                0x08001e48                CAN2_RX0_IRQHandler
 .text.DMA2_Stream7_IRQHandler
                0x08001e58       0x10 CMakeFiles/rc.elf.dir/Core/Src/stm32f4xx_it.c.obj
                0x08001e58                DMA2_Stream7_IRQHandler
 .text._getpid  0x08001e68        0x4 CMakeFiles/rc.elf.dir/Core/Src/syscalls.c.obj
                0x08001e68                _getpid
 .text._kill    0x08001e6c       0x10 CMakeFiles/rc.elf.dir/Core/Src/syscalls.c.obj
                0x08001e6c                _kill
 .text._exit    0x08001e7c        0xc CMakeFiles/rc.elf.dir/Core/Src/syscalls.c.obj
                0x08001e7c                _exit
 .text._read    0x08001e88       0x20 CMakeFiles/rc.elf.dir/Core/Src/syscalls.c.obj
                0x08001e88                _read
 .text._write   0x08001ea8       0x1c CMakeFiles/rc.elf.dir/Core/Src/syscalls.c.obj
                0x08001ea8                _write
 .text._close   0x08001ec4        0x6 CMakeFiles/rc.elf.dir/Core/Src/syscalls.c.obj
                0x08001ec4                _close
 .text._fstat   0x08001eca        0xa CMakeFiles/rc.elf.dir/Core/Src/syscalls.c.obj
                0x08001eca                _fstat
 .text._isatty  0x08001ed4        0x4 CMakeFiles/rc.elf.dir/Core/Src/syscalls.c.obj
                0x08001ed4                _isatty
 .text._lseek   0x08001ed8        0x4 CMakeFiles/rc.elf.dir/Core/Src/syscalls.c.obj
                0x08001ed8                _lseek
 .text._sbrk    0x08001edc       0x48 CMakeFiles/rc.elf.dir/Core/Src/sysmem.c.obj
                0x08001edc                _sbrk
 .text.SystemInit
                0x08001f24       0x14 CMakeFiles/rc.elf.dir/Core/Src/system_stm32f4xx.c.obj
                0x08001f24                SystemInit
 .text.MX_USART1_UART_Init
                0x08001f38       0x34 CMakeFiles/rc.elf.dir/Core/Src/usart.c.obj
                0x08001f38                MX_USART1_UART_Init
 .text.HAL_UART_MspInit
                0x08001f6c      0x100 CMakeFiles/rc.elf.dir/Core/Src/usart.c.obj
                0x08001f6c                HAL_UART_MspInit
 .text.Reset_Handler
                0x0800206c       0x50 CMakeFiles/rc.elf.dir/Core/Startup/startup_stm32f405rgtx.s.obj
                0x0800206c                Reset_Handler
 .text.Default_Handler
                0x080020bc        0x2 CMakeFiles/rc.elf.dir/Core/Startup/startup_stm32f405rgtx.s.obj
                0x080020bc                RTC_Alarm_IRQHandler
                0x080020bc                HASH_RNG_IRQHandler
                0x080020bc                EXTI2_IRQHandler
                0x080020bc                TIM8_CC_IRQHandler
                0x080020bc                TIM1_CC_IRQHandler
                0x080020bc                DMA2_Stream5_IRQHandler
                0x080020bc                DMA1_Stream5_IRQHandler
                0x080020bc                PVD_IRQHandler
                0x080020bc                SDIO_IRQHandler
                0x080020bc                TAMP_STAMP_IRQHandler
                0x080020bc                CAN2_RX1_IRQHandler
                0x080020bc                EXTI3_IRQHandler
                0x080020bc                TIM8_TRG_COM_TIM14_IRQHandler
                0x080020bc                TIM1_UP_TIM10_IRQHandler
                0x080020bc                TIM8_UP_TIM13_IRQHandler
                0x080020bc                I2C3_ER_IRQHandler
                0x080020bc                EXTI0_IRQHandler
                0x080020bc                I2C2_EV_IRQHandler
                0x080020bc                DMA1_Stream2_IRQHandler
                0x080020bc                FPU_IRQHandler
                0x080020bc                OTG_HS_WKUP_IRQHandler
                0x080020bc                CAN2_SCE_IRQHandler
                0x080020bc                SPI1_IRQHandler
                0x080020bc                TIM6_DAC_IRQHandler
                0x080020bc                TIM1_BRK_TIM9_IRQHandler
                0x080020bc                DMA2_Stream3_IRQHandler
                0x080020bc                USART6_IRQHandler
                0x080020bc                USART3_IRQHandler
                0x080020bc                CAN1_RX1_IRQHandler
                0x080020bc                UART5_IRQHandler
                0x080020bc                DMA2_Stream0_IRQHandler
                0x080020bc                TIM4_IRQHandler
                0x080020bc                I2C1_EV_IRQHandler
                0x080020bc                DMA1_Stream6_IRQHandler
                0x080020bc                DMA1_Stream1_IRQHandler
                0x080020bc                UART4_IRQHandler
                0x080020bc                TIM3_IRQHandler
                0x080020bc                RCC_IRQHandler
                0x080020bc                TIM8_BRK_TIM12_IRQHandler
                0x080020bc                Default_Handler
                0x080020bc                EXTI15_10_IRQHandler
                0x080020bc                ADC_IRQHandler
                0x080020bc                DMA1_Stream7_IRQHandler
                0x080020bc                TIM7_IRQHandler
                0x080020bc                CAN2_TX_IRQHandler
                0x080020bc                TIM5_IRQHandler
                0x080020bc                I2C3_EV_IRQHandler
                0x080020bc                EXTI9_5_IRQHandler
                0x080020bc                RTC_WKUP_IRQHandler
                0x080020bc                SPI2_IRQHandler
                0x080020bc                OTG_HS_EP1_IN_IRQHandler
                0x080020bc                DMA1_Stream0_IRQHandler
                0x080020bc                CAN1_TX_IRQHandler
                0x080020bc                EXTI4_IRQHandler
                0x080020bc                FSMC_IRQHandler
                0x080020bc                OTG_HS_EP1_OUT_IRQHandler
                0x080020bc                WWDG_IRQHandler
                0x080020bc                OTG_FS_WKUP_IRQHandler
                0x080020bc                TIM1_TRG_COM_TIM11_IRQHandler
                0x080020bc                OTG_HS_IRQHandler
                0x080020bc                EXTI1_IRQHandler
                0x080020bc                USART2_IRQHandler
                0x080020bc                I2C2_ER_IRQHandler
                0x080020bc                DMA2_Stream1_IRQHandler
                0x080020bc                CAN1_SCE_IRQHandler
                0x080020bc                FLASH_IRQHandler
                0x080020bc                DMA2_Stream4_IRQHandler
                0x080020bc                OTG_FS_IRQHandler
                0x080020bc                SPI3_IRQHandler
                0x080020bc                DMA1_Stream4_IRQHandler
                0x080020bc                I2C1_ER_IRQHandler
                0x080020bc                DMA2_Stream6_IRQHandler
                0x080020bc                DMA1_Stream3_IRQHandler
 *fill*         0x080020be        0x2 
 .text.HAL_Init
                0x080020c0       0x34 CMakeFiles/rc.elf.dir/Drivers/STM32F4xx_HAL_Driver/Src/stm32f4xx_hal.c.obj
                0x080020c0                HAL_Init
 .text.HAL_IncTick
                0x080020f4       0x18 CMakeFiles/rc.elf.dir/Drivers/STM32F4xx_HAL_Driver/Src/stm32f4xx_hal.c.obj
                0x080020f4                HAL_IncTick
 .text.HAL_GetTick
                0x0800210c        0xc CMakeFiles/rc.elf.dir/Drivers/STM32F4xx_HAL_Driver/Src/stm32f4xx_hal.c.obj
                0x0800210c                HAL_GetTick
 .text.HAL_Delay
                0x08002118       0x28 CMakeFiles/rc.elf.dir/Drivers/STM32F4xx_HAL_Driver/Src/stm32f4xx_hal.c.obj
                0x08002118                HAL_Delay
 .text.HAL_CAN_Init
                0x08002140      0x14c CMakeFiles/rc.elf.dir/Drivers/STM32F4xx_HAL_Driver/Src/stm32f4xx_hal_can.c.obj
                0x08002140                HAL_CAN_Init
 .text.HAL_CAN_ConfigFilter
                0x0800228c      0x138 CMakeFiles/rc.elf.dir/Drivers/STM32F4xx_HAL_Driver/Src/stm32f4xx_hal_can.c.obj
                0x0800228c                HAL_CAN_ConfigFilter
 .text.HAL_CAN_Start
                0x080023c4       0x5c CMakeFiles/rc.elf.dir/Drivers/STM32F4xx_HAL_Driver/Src/stm32f4xx_hal_can.c.obj
                0x080023c4                HAL_CAN_Start
 .text.HAL_CAN_AddTxMessage
                0x08002420       0xea CMakeFiles/rc.elf.dir/Drivers/STM32F4xx_HAL_Driver/Src/stm32f4xx_hal_can.c.obj
                0x08002420                HAL_CAN_AddTxMessage
 .text.HAL_CAN_GetRxMessage
                0x0800250a      0x16a CMakeFiles/rc.elf.dir/Drivers/STM32F4xx_HAL_Driver/Src/stm32f4xx_hal_can.c.obj
                0x0800250a                HAL_CAN_GetRxMessage
 .text.HAL_CAN_TxMailbox0CompleteCallback
                0x08002674        0x2 CMakeFiles/rc.elf.dir/Drivers/STM32F4xx_HAL_Driver/Src/stm32f4xx_hal_can.c.obj
                0x08002674                HAL_CAN_TxMailbox0CompleteCallback
 .text.HAL_CAN_TxMailbox1CompleteCallback
                0x08002676        0x2 CMakeFiles/rc.elf.dir/Drivers/STM32F4xx_HAL_Driver/Src/stm32f4xx_hal_can.c.obj
                0x08002676                HAL_CAN_TxMailbox1CompleteCallback
 .text.HAL_CAN_TxMailbox2CompleteCallback
                0x08002678        0x2 CMakeFiles/rc.elf.dir/Drivers/STM32F4xx_HAL_Driver/Src/stm32f4xx_hal_can.c.obj
                0x08002678                HAL_CAN_TxMailbox2CompleteCallback
 .text.HAL_CAN_TxMailbox0AbortCallback
                0x0800267a        0x2 CMakeFiles/rc.elf.dir/Drivers/STM32F4xx_HAL_Driver/Src/stm32f4xx_hal_can.c.obj
                0x0800267a                HAL_CAN_TxMailbox0AbortCallback
 .text.HAL_CAN_TxMailbox1AbortCallback
                0x0800267c        0x2 CMakeFiles/rc.elf.dir/Drivers/STM32F4xx_HAL_Driver/Src/stm32f4xx_hal_can.c.obj
                0x0800267c                HAL_CAN_TxMailbox1AbortCallback
 .text.HAL_CAN_TxMailbox2AbortCallback
                0x0800267e        0x2 CMakeFiles/rc.elf.dir/Drivers/STM32F4xx_HAL_Driver/Src/stm32f4xx_hal_can.c.obj
                0x0800267e                HAL_CAN_TxMailbox2AbortCallback
 .text.HAL_CAN_RxFifo0FullCallback
                0x08002680        0x2 CMakeFiles/rc.elf.dir/Drivers/STM32F4xx_HAL_Driver/Src/stm32f4xx_hal_can.c.obj
                0x08002680                HAL_CAN_RxFifo0FullCallback
 .text.HAL_CAN_RxFifo1MsgPendingCallback
                0x08002682        0x2 CMakeFiles/rc.elf.dir/Drivers/STM32F4xx_HAL_Driver/Src/stm32f4xx_hal_can.c.obj
                0x08002682                HAL_CAN_RxFifo1MsgPendingCallback
 .text.HAL_CAN_RxFifo1FullCallback
                0x08002684        0x2 CMakeFiles/rc.elf.dir/Drivers/STM32F4xx_HAL_Driver/Src/stm32f4xx_hal_can.c.obj
                0x08002684                HAL_CAN_RxFifo1FullCallback
 .text.HAL_CAN_SleepCallback
                0x08002686        0x2 CMakeFiles/rc.elf.dir/Drivers/STM32F4xx_HAL_Driver/Src/stm32f4xx_hal_can.c.obj
                0x08002686                HAL_CAN_SleepCallback
 .text.HAL_CAN_WakeUpFromRxMsgCallback
                0x08002688        0x2 CMakeFiles/rc.elf.dir/Drivers/STM32F4xx_HAL_Driver/Src/stm32f4xx_hal_can.c.obj
                0x08002688                HAL_CAN_WakeUpFromRxMsgCallback
 .text.HAL_CAN_ErrorCallback
                0x0800268a        0x2 CMakeFiles/rc.elf.dir/Drivers/STM32F4xx_HAL_Driver/Src/stm32f4xx_hal_can.c.obj
                0x0800268a                HAL_CAN_ErrorCallback
 .text.HAL_CAN_IRQHandler
                0x0800268c      0x24a CMakeFiles/rc.elf.dir/Drivers/STM32F4xx_HAL_Driver/Src/stm32f4xx_hal_can.c.obj
                0x0800268c                HAL_CAN_IRQHandler
 *fill*         0x080028d6        0x2 
 .text.HAL_NVIC_SetPriorityGrouping
                0x080028d8       0x24 CMakeFiles/rc.elf.dir/Drivers/STM32F4xx_HAL_Driver/Src/stm32f4xx_hal_cortex.c.obj
                0x080028d8                HAL_NVIC_SetPriorityGrouping
 .text.HAL_NVIC_SetPriority
                0x080028fc       0x70 CMakeFiles/rc.elf.dir/Drivers/STM32F4xx_HAL_Driver/Src/stm32f4xx_hal_cortex.c.obj
                0x080028fc                HAL_NVIC_SetPriority
 .text.HAL_NVIC_EnableIRQ
                0x0800296c       0x1c CMakeFiles/rc.elf.dir/Drivers/STM32F4xx_HAL_Driver/Src/stm32f4xx_hal_cortex.c.obj
                0x0800296c                HAL_NVIC_EnableIRQ
 .text.DMA_SetConfig
                0x08002988       0x2c CMakeFiles/rc.elf.dir/Drivers/STM32F4xx_HAL_Driver/Src/stm32f4xx_hal_dma.c.obj
 .text.DMA_CalcBaseAndBitshift
                0x080029b4       0x44 CMakeFiles/rc.elf.dir/Drivers/STM32F4xx_HAL_Driver/Src/stm32f4xx_hal_dma.c.obj
 .text.DMA_CheckFifoParam
                0x080029f8       0x8e CMakeFiles/rc.elf.dir/Drivers/STM32F4xx_HAL_Driver/Src/stm32f4xx_hal_dma.c.obj
 *fill*         0x08002a86        0x2 
 .text.HAL_DMA_Init
                0x08002a88       0xcc CMakeFiles/rc.elf.dir/Drivers/STM32F4xx_HAL_Driver/Src/stm32f4xx_hal_dma.c.obj
                0x08002a88                HAL_DMA_Init
 .text.HAL_DMA_Start_IT
                0x08002b54       0x6a CMakeFiles/rc.elf.dir/Drivers/STM32F4xx_HAL_Driver/Src/stm32f4xx_hal_dma.c.obj
                0x08002b54                HAL_DMA_Start_IT
 .text.HAL_DMA_Abort
                0x08002bbe       0x94 CMakeFiles/rc.elf.dir/Drivers/STM32F4xx_HAL_Driver/Src/stm32f4xx_hal_dma.c.obj
                0x08002bbe                HAL_DMA_Abort
 .text.HAL_DMA_Abort_IT
                0x08002c52       0x26 CMakeFiles/rc.elf.dir/Drivers/STM32F4xx_HAL_Driver/Src/stm32f4xx_hal_dma.c.obj
                0x08002c52                HAL_DMA_Abort_IT
 .text.HAL_DMA_IRQHandler
                0x08002c78      0x1dc CMakeFiles/rc.elf.dir/Drivers/STM32F4xx_HAL_Driver/Src/stm32f4xx_hal_dma.c.obj
                0x08002c78                HAL_DMA_IRQHandler
 .text.HAL_GPIO_Init
                0x08002e54      0x1e4 CMakeFiles/rc.elf.dir/Drivers/STM32F4xx_HAL_Driver/Src/stm32f4xx_hal_gpio.c.obj
                0x08002e54                HAL_GPIO_Init
 .text.HAL_RCC_OscConfig
                0x08003038      0x3f8 CMakeFiles/rc.elf.dir/Drivers/STM32F4xx_HAL_Driver/Src/stm32f4xx_hal_rcc.c.obj
                0x08003038                HAL_RCC_OscConfig
 .text.HAL_RCC_GetSysClockFreq
                0x08003430       0xd4 CMakeFiles/rc.elf.dir/Drivers/STM32F4xx_HAL_Driver/Src/stm32f4xx_hal_rcc.c.obj
                0x08003430                HAL_RCC_GetSysClockFreq
 .text.HAL_RCC_ClockConfig
                0x08003504      0x160 CMakeFiles/rc.elf.dir/Drivers/STM32F4xx_HAL_Driver/Src/stm32f4xx_hal_rcc.c.obj
                0x08003504                HAL_RCC_ClockConfig
 .text.HAL_RCC_GetHCLKFreq
                0x08003664        0xc CMakeFiles/rc.elf.dir/Drivers/STM32F4xx_HAL_Driver/Src/stm32f4xx_hal_rcc.c.obj
                0x08003664                HAL_RCC_GetHCLKFreq
 .text.HAL_RCC_GetPCLK1Freq
                0x08003670       0x20 CMakeFiles/rc.elf.dir/Drivers/STM32F4xx_HAL_Driver/Src/stm32f4xx_hal_rcc.c.obj
                0x08003670                HAL_RCC_GetPCLK1Freq
 .text.HAL_RCC_GetPCLK2Freq
                0x08003690       0x20 CMakeFiles/rc.elf.dir/Drivers/STM32F4xx_HAL_Driver/Src/stm32f4xx_hal_rcc.c.obj
                0x08003690                HAL_RCC_GetPCLK2Freq
 .text.HAL_RCC_GetClockConfig
                0x080036b0       0x3c CMakeFiles/rc.elf.dir/Drivers/STM32F4xx_HAL_Driver/Src/stm32f4xx_hal_rcc.c.obj
                0x080036b0                HAL_RCC_GetClockConfig
 .text.HAL_TIM_Base_MspInit
                0x080036ec        0x2 CMakeFiles/rc.elf.dir/Drivers/STM32F4xx_HAL_Driver/Src/stm32f4xx_hal_tim.c.obj
                0x080036ec                HAL_TIM_Base_MspInit
 *fill*         0x080036ee        0x2 
 .text.HAL_TIM_Base_Start_IT
                0x080036f0       0x88 CMakeFiles/rc.elf.dir/Drivers/STM32F4xx_HAL_Driver/Src/stm32f4xx_hal_tim.c.obj
                0x080036f0                HAL_TIM_Base_Start_IT
 .text.HAL_TIM_OC_DelayElapsedCallback
                0x08003778        0x2 CMakeFiles/rc.elf.dir/Drivers/STM32F4xx_HAL_Driver/Src/stm32f4xx_hal_tim.c.obj
                0x08003778                HAL_TIM_OC_DelayElapsedCallback
 .text.HAL_TIM_IC_CaptureCallback
                0x0800377a        0x2 CMakeFiles/rc.elf.dir/Drivers/STM32F4xx_HAL_Driver/Src/stm32f4xx_hal_tim.c.obj
                0x0800377a                HAL_TIM_IC_CaptureCallback
 .text.HAL_TIM_PWM_PulseFinishedCallback
                0x0800377c        0x2 CMakeFiles/rc.elf.dir/Drivers/STM32F4xx_HAL_Driver/Src/stm32f4xx_hal_tim.c.obj
                0x0800377c                HAL_TIM_PWM_PulseFinishedCallback
 .text.HAL_TIM_TriggerCallback
                0x0800377e        0x2 CMakeFiles/rc.elf.dir/Drivers/STM32F4xx_HAL_Driver/Src/stm32f4xx_hal_tim.c.obj
                0x0800377e                HAL_TIM_TriggerCallback
 .text.HAL_TIM_IRQHandler
                0x08003780      0x15e CMakeFiles/rc.elf.dir/Drivers/STM32F4xx_HAL_Driver/Src/stm32f4xx_hal_tim.c.obj
                0x08003780                HAL_TIM_IRQHandler
 *fill*         0x080038de        0x2 
 .text.TIM_Base_SetConfig
                0x080038e0       0xd8 CMakeFiles/rc.elf.dir/Drivers/STM32F4xx_HAL_Driver/Src/stm32f4xx_hal_tim.c.obj
                0x080038e0                TIM_Base_SetConfig
 .text.HAL_TIM_Base_Init
                0x080039b8       0x58 CMakeFiles/rc.elf.dir/Drivers/STM32F4xx_HAL_Driver/Src/stm32f4xx_hal_tim.c.obj
                0x080039b8                HAL_TIM_Base_Init
 .text.HAL_TIMEx_CommutCallback
                0x08003a10        0x2 CMakeFiles/rc.elf.dir/Drivers/STM32F4xx_HAL_Driver/Src/stm32f4xx_hal_tim_ex.c.obj
                0x08003a10                HAL_TIMEx_CommutCallback
 .text.HAL_TIMEx_BreakCallback
                0x08003a12        0x2 CMakeFiles/rc.elf.dir/Drivers/STM32F4xx_HAL_Driver/Src/stm32f4xx_hal_tim_ex.c.obj
                0x08003a12                HAL_TIMEx_BreakCallback
 .text.UART_EndTxTransfer
                0x08003a14       0x20 CMakeFiles/rc.elf.dir/Drivers/STM32F4xx_HAL_Driver/Src/stm32f4xx_hal_uart.c.obj
 .text.UART_EndRxTransfer
                0x08003a34       0x5c CMakeFiles/rc.elf.dir/Drivers/STM32F4xx_HAL_Driver/Src/stm32f4xx_hal_uart.c.obj
 .text.UART_Transmit_IT
                0x08003a90       0x60 CMakeFiles/rc.elf.dir/Drivers/STM32F4xx_HAL_Driver/Src/stm32f4xx_hal_uart.c.obj
 .text.UART_SetConfig
                0x08003af0      0x110 CMakeFiles/rc.elf.dir/Drivers/STM32F4xx_HAL_Driver/Src/stm32f4xx_hal_uart.c.obj
 .text.HAL_UART_Init
                0x08003c00       0x60 CMakeFiles/rc.elf.dir/Drivers/STM32F4xx_HAL_Driver/Src/stm32f4xx_hal_uart.c.obj
                0x08003c00                HAL_UART_Init
 .text.HAL_UART_Transmit_DMA
                0x08003c60       0x84 CMakeFiles/rc.elf.dir/Drivers/STM32F4xx_HAL_Driver/Src/stm32f4xx_hal_uart.c.obj
                0x08003c60                HAL_UART_Transmit_DMA
 .text.HAL_UART_DMAStop
                0x08003ce4       0x84 CMakeFiles/rc.elf.dir/Drivers/STM32F4xx_HAL_Driver/Src/stm32f4xx_hal_uart.c.obj
                0x08003ce4                HAL_UART_DMAStop
 .text.HAL_UART_TxCpltCallback
                0x08003d68        0x2 CMakeFiles/rc.elf.dir/Drivers/STM32F4xx_HAL_Driver/Src/stm32f4xx_hal_uart.c.obj
                0x08003d68                HAL_UART_TxCpltCallback
 .text.UART_DMATransmitCplt
                0x08003d6a       0x4c CMakeFiles/rc.elf.dir/Drivers/STM32F4xx_HAL_Driver/Src/stm32f4xx_hal_uart.c.obj
 .text.UART_EndTransmit_IT
                0x08003db6       0x1a CMakeFiles/rc.elf.dir/Drivers/STM32F4xx_HAL_Driver/Src/stm32f4xx_hal_uart.c.obj
 .text.HAL_UART_TxHalfCpltCallback
                0x08003dd0        0x2 CMakeFiles/rc.elf.dir/Drivers/STM32F4xx_HAL_Driver/Src/stm32f4xx_hal_uart.c.obj
                0x08003dd0                HAL_UART_TxHalfCpltCallback
 .text.UART_DMATxHalfCplt
                0x08003dd2        0xa CMakeFiles/rc.elf.dir/Drivers/STM32F4xx_HAL_Driver/Src/stm32f4xx_hal_uart.c.obj
 .text.HAL_UART_RxCpltCallback
                0x08003ddc        0x2 CMakeFiles/rc.elf.dir/Drivers/STM32F4xx_HAL_Driver/Src/stm32f4xx_hal_uart.c.obj
                0x08003ddc                HAL_UART_RxCpltCallback
 .text.HAL_UART_RxHalfCpltCallback
                0x08003dde        0x2 CMakeFiles/rc.elf.dir/Drivers/STM32F4xx_HAL_Driver/Src/stm32f4xx_hal_uart.c.obj
                0x08003dde                HAL_UART_RxHalfCpltCallback
 .text.HAL_UART_ErrorCallback
                0x08003de0        0x2 CMakeFiles/rc.elf.dir/Drivers/STM32F4xx_HAL_Driver/Src/stm32f4xx_hal_uart.c.obj
                0x08003de0                HAL_UART_ErrorCallback
 .text.UART_DMAError
                0x08003de2       0x58 CMakeFiles/rc.elf.dir/Drivers/STM32F4xx_HAL_Driver/Src/stm32f4xx_hal_uart.c.obj
 .text.UART_DMAAbortOnError
                0x08003e3a       0x10 CMakeFiles/rc.elf.dir/Drivers/STM32F4xx_HAL_Driver/Src/stm32f4xx_hal_uart.c.obj
 .text.HAL_UARTEx_RxEventCallback
                0x08003e4a        0x2 CMakeFiles/rc.elf.dir/Drivers/STM32F4xx_HAL_Driver/Src/stm32f4xx_hal_uart.c.obj
                0x08003e4a                HAL_UARTEx_RxEventCallback
 .text.UART_Receive_IT
                0x08003e4c       0xe6 CMakeFiles/rc.elf.dir/Drivers/STM32F4xx_HAL_Driver/Src/stm32f4xx_hal_uart.c.obj
 *fill*         0x08003f32        0x2 
 .text.HAL_UART_IRQHandler
                0x08003f34      0x288 CMakeFiles/rc.elf.dir/Drivers/STM32F4xx_HAL_Driver/Src/stm32f4xx_hal_uart.c.obj
                0x08003f34                HAL_UART_IRQHandler
 .text.UART_DMARxHalfCplt
                0x080041bc       0x1e CMakeFiles/rc.elf.dir/Drivers/STM32F4xx_HAL_Driver/Src/stm32f4xx_hal_uart.c.obj
 .text.UART_DMAReceiveCplt
                0x080041da       0x9a CMakeFiles/rc.elf.dir/Drivers/STM32F4xx_HAL_Driver/Src/stm32f4xx_hal_uart.c.obj
 .text.UART_Start_Receive_DMA
                0x08004274       0xa4 CMakeFiles/rc.elf.dir/Drivers/STM32F4xx_HAL_Driver/Src/stm32f4xx_hal_uart.c.obj
                0x08004274                UART_Start_Receive_DMA
 .text.HAL_UART_Receive_DMA
                0x08004318       0x26 CMakeFiles/rc.elf.dir/Drivers/STM32F4xx_HAL_Driver/Src/stm32f4xx_hal_uart.c.obj
                0x08004318                HAL_UART_Receive_DMA
 .text.SysTick_Handler
                0x0800433e       0x18 CMakeFiles/rc.elf.dir/Middlewares/Third_Party/FreeRTOS/Source/CMSIS_RTOS_V2/cmsis_os2.c.obj
                0x0800433e                SysTick_Handler
 *fill*         0x08004356        0x2 
 .text.osKernelInitialize
                0x08004358       0x24 CMakeFiles/rc.elf.dir/Middlewares/Third_Party/FreeRTOS/Source/CMSIS_RTOS_V2/cmsis_os2.c.obj
                0x08004358                osKernelInitialize
 .text.osKernelStart
                0x0800437c       0x38 CMakeFiles/rc.elf.dir/Middlewares/Third_Party/FreeRTOS/Source/CMSIS_RTOS_V2/cmsis_os2.c.obj
                0x0800437c                osKernelStart
 .text.osThreadNew
                0x080043b4       0xbc CMakeFiles/rc.elf.dir/Middlewares/Third_Party/FreeRTOS/Source/CMSIS_RTOS_V2/cmsis_os2.c.obj
                0x080043b4                osThreadNew
 .text.osDelay  0x08004470       0x1c CMakeFiles/rc.elf.dir/Middlewares/Third_Party/FreeRTOS/Source/CMSIS_RTOS_V2/cmsis_os2.c.obj
                0x08004470                osDelay
 .text.vApplicationGetIdleTaskMemory
                0x0800448c       0x18 CMakeFiles/rc.elf.dir/Middlewares/Third_Party/FreeRTOS/Source/CMSIS_RTOS_V2/cmsis_os2.c.obj
                0x0800448c                vApplicationGetIdleTaskMemory
 .text.vApplicationGetTimerTaskMemory
                0x080044a4       0x18 CMakeFiles/rc.elf.dir/Middlewares/Third_Party/FreeRTOS/Source/CMSIS_RTOS_V2/cmsis_os2.c.obj
                0x080044a4                vApplicationGetTimerTaskMemory
 .text.vListInitialise
                0x080044bc       0x16 CMakeFiles/rc.elf.dir/Middlewares/Third_Party/FreeRTOS/Source/list.c.obj
                0x080044bc                vListInitialise
 .text.vListInitialiseItem
                0x080044d2        0x6 CMakeFiles/rc.elf.dir/Middlewares/Third_Party/FreeRTOS/Source/list.c.obj
                0x080044d2                vListInitialiseItem
 .text.vListInsertEnd
                0x080044d8       0x16 CMakeFiles/rc.elf.dir/Middlewares/Third_Party/FreeRTOS/Source/list.c.obj
                0x080044d8                vListInsertEnd
 .text.vListInsert
                0x080044ee       0x32 CMakeFiles/rc.elf.dir/Middlewares/Third_Party/FreeRTOS/Source/list.c.obj
                0x080044ee                vListInsert
 .text.uxListRemove
                0x08004520       0x26 CMakeFiles/rc.elf.dir/Middlewares/Third_Party/FreeRTOS/Source/list.c.obj
                0x08004520                uxListRemove
 *fill*         0x08004546        0x2 
 .text.prvTaskExitError
                0x08004548       0x40 CMakeFiles/rc.elf.dir/Middlewares/Third_Party/FreeRTOS/Source/portable/GCC/ARM_CM4F/port.c.obj
 .text.prvPortStartFirstTask
                0x08004588       0x28 CMakeFiles/rc.elf.dir/Middlewares/Third_Party/FreeRTOS/Source/portable/GCC/ARM_CM4F/port.c.obj
 .text.vPortEnableVFP
                0x080045b0       0x14 CMakeFiles/rc.elf.dir/Middlewares/Third_Party/FreeRTOS/Source/portable/GCC/ARM_CM4F/port.c.obj
 .text.pxPortInitialiseStack
                0x080045c4       0x2c CMakeFiles/rc.elf.dir/Middlewares/Third_Party/FreeRTOS/Source/portable/GCC/ARM_CM4F/port.c.obj
                0x080045c4                pxPortInitialiseStack
 .text.SVC_Handler
                0x080045f0       0x24 CMakeFiles/rc.elf.dir/Middlewares/Third_Party/FreeRTOS/Source/portable/GCC/ARM_CM4F/port.c.obj
                0x080045f0                SVC_Handler
 .text.vPortEnterCritical
                0x08004614       0x44 CMakeFiles/rc.elf.dir/Middlewares/Third_Party/FreeRTOS/Source/portable/GCC/ARM_CM4F/port.c.obj
                0x08004614                vPortEnterCritical
 .text.vPortExitCritical
                0x08004658       0x2c CMakeFiles/rc.elf.dir/Middlewares/Third_Party/FreeRTOS/Source/portable/GCC/ARM_CM4F/port.c.obj
                0x08004658                vPortExitCritical
 *fill*         0x08004684        0xc 
 .text.PendSV_Handler
                0x08004690       0x64 CMakeFiles/rc.elf.dir/Middlewares/Third_Party/FreeRTOS/Source/portable/GCC/ARM_CM4F/port.c.obj
                0x08004690                PendSV_Handler
 .text.xPortSysTickHandler
                0x080046f4       0x2c CMakeFiles/rc.elf.dir/Middlewares/Third_Party/FreeRTOS/Source/portable/GCC/ARM_CM4F/port.c.obj
                0x080046f4                xPortSysTickHandler
 .text.vPortSetupTimerInterrupt
                0x08004720       0x28 CMakeFiles/rc.elf.dir/Middlewares/Third_Party/FreeRTOS/Source/portable/GCC/ARM_CM4F/port.c.obj
                0x08004720                vPortSetupTimerInterrupt
 .text.xPortStartScheduler
                0x08004748      0x118 CMakeFiles/rc.elf.dir/Middlewares/Third_Party/FreeRTOS/Source/portable/GCC/ARM_CM4F/port.c.obj
                0x08004748                xPortStartScheduler
 .text.vPortValidateInterruptPriority
                0x08004860       0x5c CMakeFiles/rc.elf.dir/Middlewares/Third_Party/FreeRTOS/Source/portable/GCC/ARM_CM4F/port.c.obj
                0x08004860                vPortValidateInterruptPriority
 .text.prvHeapInit
                0x080048bc       0x64 CMakeFiles/rc.elf.dir/Middlewares/Third_Party/FreeRTOS/Source/portable/MemMang/heap_4.c.obj
 .text.prvInsertBlockIntoFreeList
                0x08004920       0x64 CMakeFiles/rc.elf.dir/Middlewares/Third_Party/FreeRTOS/Source/portable/MemMang/heap_4.c.obj
 .text.pvPortMalloc
                0x08004984       0xfc CMakeFiles/rc.elf.dir/Middlewares/Third_Party/FreeRTOS/Source/portable/MemMang/heap_4.c.obj
                0x08004984                pvPortMalloc
 .text.vPortFree
                0x08004a80       0x7c CMakeFiles/rc.elf.dir/Middlewares/Third_Party/FreeRTOS/Source/portable/MemMang/heap_4.c.obj
                0x08004a80                vPortFree
 .text.prvIsQueueFull
                0x08004afc       0x1e CMakeFiles/rc.elf.dir/Middlewares/Third_Party/FreeRTOS/Source/queue.c.obj
 .text.prvIsQueueEmpty
                0x08004b1a       0x1a CMakeFiles/rc.elf.dir/Middlewares/Third_Party/FreeRTOS/Source/queue.c.obj
 .text.prvCopyDataToQueue
                0x08004b34       0x76 CMakeFiles/rc.elf.dir/Middlewares/Third_Party/FreeRTOS/Source/queue.c.obj
 .text.prvCopyDataFromQueue
                0x08004baa       0x24 CMakeFiles/rc.elf.dir/Middlewares/Third_Party/FreeRTOS/Source/queue.c.obj
 .text.prvUnlockQueue
                0x08004bce       0x6e CMakeFiles/rc.elf.dir/Middlewares/Third_Party/FreeRTOS/Source/queue.c.obj
 .text.xQueueGenericReset
                0x08004c3c       0x84 CMakeFiles/rc.elf.dir/Middlewares/Third_Party/FreeRTOS/Source/queue.c.obj
                0x08004c3c                xQueueGenericReset
 .text.prvInitialiseNewQueue
                0x08004cc0       0x22 CMakeFiles/rc.elf.dir/Middlewares/Third_Party/FreeRTOS/Source/queue.c.obj
 .text.xQueueGenericCreateStatic
                0x08004ce2       0x94 CMakeFiles/rc.elf.dir/Middlewares/Third_Party/FreeRTOS/Source/queue.c.obj
                0x08004ce2                xQueueGenericCreateStatic
 .text.xQueueGenericSend
                0x08004d76      0x188 CMakeFiles/rc.elf.dir/Middlewares/Third_Party/FreeRTOS/Source/queue.c.obj
                0x08004d76                xQueueGenericSend
 .text.xQueueGenericSendFromISR
                0x08004efe       0xce CMakeFiles/rc.elf.dir/Middlewares/Third_Party/FreeRTOS/Source/queue.c.obj
                0x08004efe                xQueueGenericSendFromISR
 .text.xQueueReceive
                0x08004fcc      0x15e CMakeFiles/rc.elf.dir/Middlewares/Third_Party/FreeRTOS/Source/queue.c.obj
                0x08004fcc                xQueueReceive
 *fill*         0x0800512a        0x2 
 .text.vQueueAddToRegistry
                0x0800512c       0x28 CMakeFiles/rc.elf.dir/Middlewares/Third_Party/FreeRTOS/Source/queue.c.obj
                0x0800512c                vQueueAddToRegistry
 .text.vQueueWaitForMessageRestricted
                0x08005154       0x52 CMakeFiles/rc.elf.dir/Middlewares/Third_Party/FreeRTOS/Source/queue.c.obj
                0x08005154                vQueueWaitForMessageRestricted
 *fill*         0x080051a6        0x2 
 .text.prvResetNextTaskUnblockTime
                0x080051a8       0x2c CMakeFiles/rc.elf.dir/Middlewares/Third_Party/FreeRTOS/Source/tasks.c.obj
 .text.prvInitialiseNewTask
                0x080051d4       0xa6 CMakeFiles/rc.elf.dir/Middlewares/Third_Party/FreeRTOS/Source/tasks.c.obj
 *fill*         0x0800527a        0x2 
 .text.prvInitialiseTaskLists
                0x0800527c       0x68 CMakeFiles/rc.elf.dir/Middlewares/Third_Party/FreeRTOS/Source/tasks.c.obj
 .text.prvAddNewTaskToReadyList
                0x080052e4       0xac CMakeFiles/rc.elf.dir/Middlewares/Third_Party/FreeRTOS/Source/tasks.c.obj
 .text.prvDeleteTCB
                0x08005390       0x38 CMakeFiles/rc.elf.dir/Middlewares/Third_Party/FreeRTOS/Source/tasks.c.obj
 .text.prvCheckTasksWaitingTermination
                0x080053c8       0x4c CMakeFiles/rc.elf.dir/Middlewares/Third_Party/FreeRTOS/Source/tasks.c.obj
 .text.prvIdleTask
                0x08005414       0x28 CMakeFiles/rc.elf.dir/Middlewares/Third_Party/FreeRTOS/Source/tasks.c.obj
 .text.prvAddCurrentTaskToDelayedList
                0x0800543c       0x7c CMakeFiles/rc.elf.dir/Middlewares/Third_Party/FreeRTOS/Source/tasks.c.obj
 .text.xTaskCreateStatic
                0x080054b8       0x76 CMakeFiles/rc.elf.dir/Middlewares/Third_Party/FreeRTOS/Source/tasks.c.obj
                0x080054b8                xTaskCreateStatic
 .text.xTaskCreate
                0x0800552e       0x68 CMakeFiles/rc.elf.dir/Middlewares/Third_Party/FreeRTOS/Source/tasks.c.obj
                0x0800552e                xTaskCreate
 *fill*         0x08005596        0x2 
 .text.vTaskStartScheduler
                0x08005598       0x9c CMakeFiles/rc.elf.dir/Middlewares/Third_Party/FreeRTOS/Source/tasks.c.obj
                0x08005598                vTaskStartScheduler
 .text.vTaskSuspendAll
                0x08005634       0x10 CMakeFiles/rc.elf.dir/Middlewares/Third_Party/FreeRTOS/Source/tasks.c.obj
                0x08005634                vTaskSuspendAll
 .text.xTaskGetTickCount
                0x08005644        0xc CMakeFiles/rc.elf.dir/Middlewares/Third_Party/FreeRTOS/Source/tasks.c.obj
                0x08005644                xTaskGetTickCount
 .text.xTaskIncrementTick
                0x08005650      0x118 CMakeFiles/rc.elf.dir/Middlewares/Third_Party/FreeRTOS/Source/tasks.c.obj
                0x08005650                xTaskIncrementTick
 .text.xTaskResumeAll
                0x08005768       0xf8 CMakeFiles/rc.elf.dir/Middlewares/Third_Party/FreeRTOS/Source/tasks.c.obj
                0x08005768                xTaskResumeAll
 .text.vTaskDelayUntil
                0x08005860       0xa4 CMakeFiles/rc.elf.dir/Middlewares/Third_Party/FreeRTOS/Source/tasks.c.obj
                0x08005860                vTaskDelayUntil
 .text.vTaskDelay
                0x08005904       0x4c CMakeFiles/rc.elf.dir/Middlewares/Third_Party/FreeRTOS/Source/tasks.c.obj
                0x08005904                vTaskDelay
 .text.vTaskSwitchContext
                0x08005950       0x94 CMakeFiles/rc.elf.dir/Middlewares/Third_Party/FreeRTOS/Source/tasks.c.obj
                0x08005950                vTaskSwitchContext
 .text.vTaskPlaceOnEventList
                0x080059e4       0x30 CMakeFiles/rc.elf.dir/Middlewares/Third_Party/FreeRTOS/Source/tasks.c.obj
                0x080059e4                vTaskPlaceOnEventList
 .text.vTaskPlaceOnEventListRestricted
                0x08005a14       0x38 CMakeFiles/rc.elf.dir/Middlewares/Third_Party/FreeRTOS/Source/tasks.c.obj
                0x08005a14                vTaskPlaceOnEventListRestricted
 .text.xTaskRemoveFromEventList
                0x08005a4c       0x8c CMakeFiles/rc.elf.dir/Middlewares/Third_Party/FreeRTOS/Source/tasks.c.obj
                0x08005a4c                xTaskRemoveFromEventList
 .text.vTaskInternalSetTimeOutState
                0x08005ad8       0x18 CMakeFiles/rc.elf.dir/Middlewares/Third_Party/FreeRTOS/Source/tasks.c.obj
                0x08005ad8                vTaskInternalSetTimeOutState
 .text.xTaskCheckForTimeOut
                0x08005af0       0x84 CMakeFiles/rc.elf.dir/Middlewares/Third_Party/FreeRTOS/Source/tasks.c.obj
                0x08005af0                xTaskCheckForTimeOut
 .text.vTaskMissedYield
                0x08005b74        0xc CMakeFiles/rc.elf.dir/Middlewares/Third_Party/FreeRTOS/Source/tasks.c.obj
                0x08005b74                vTaskMissedYield
 .text.xTaskGetSchedulerState
                0x08005b80       0x20 CMakeFiles/rc.elf.dir/Middlewares/Third_Party/FreeRTOS/Source/tasks.c.obj
                0x08005b80                xTaskGetSchedulerState
 .text.xTaskPriorityDisinherit
                0x08005ba0       0x90 CMakeFiles/rc.elf.dir/Middlewares/Third_Party/FreeRTOS/Source/tasks.c.obj
                0x08005ba0                xTaskPriorityDisinherit
 .text.prvGetNextExpireTime
                0x08005c30       0x20 CMakeFiles/rc.elf.dir/Middlewares/Third_Party/FreeRTOS/Source/timers.c.obj
 .text.prvInsertTimerInActiveList
                0x08005c50       0x48 CMakeFiles/rc.elf.dir/Middlewares/Third_Party/FreeRTOS/Source/timers.c.obj
 .text.prvCheckForValidListAndQueue
                0x08005c98       0x70 CMakeFiles/rc.elf.dir/Middlewares/Third_Party/FreeRTOS/Source/timers.c.obj
 .text.xTimerCreateTimerTask
                0x08005d08       0x64 CMakeFiles/rc.elf.dir/Middlewares/Third_Party/FreeRTOS/Source/timers.c.obj
                0x08005d08                xTimerCreateTimerTask
 .text.xTimerGenericCommand
                0x08005d6c       0x6c CMakeFiles/rc.elf.dir/Middlewares/Third_Party/FreeRTOS/Source/timers.c.obj
                0x08005d6c                xTimerGenericCommand
 .text.prvSwitchTimerLists
                0x08005dd8       0x7c CMakeFiles/rc.elf.dir/Middlewares/Third_Party/FreeRTOS/Source/timers.c.obj
 .text.prvSampleTimeNow
                0x08005e54       0x2c CMakeFiles/rc.elf.dir/Middlewares/Third_Party/FreeRTOS/Source/timers.c.obj
 .text.prvProcessExpiredTimer
                0x08005e80       0x6c CMakeFiles/rc.elf.dir/Middlewares/Third_Party/FreeRTOS/Source/timers.c.obj
 .text.prvProcessTimerOrBlockTask
                0x08005eec       0x74 CMakeFiles/rc.elf.dir/Middlewares/Third_Party/FreeRTOS/Source/timers.c.obj
 .text.prvProcessReceivedCommands
                0x08005f60      0x10c CMakeFiles/rc.elf.dir/Middlewares/Third_Party/FreeRTOS/Source/timers.c.obj
 .text.prvTimerTask
                0x0800606c       0x16 CMakeFiles/rc.elf.dir/Middlewares/Third_Party/FreeRTOS/Source/timers.c.obj
 .text.PID_MATLAB_initialize
                0x08006082        0xa CMakeFiles/rc.elf.dir/PID_MATLAB_stm32/PID_MATLAB.c.obj
                0x08006082                PID_MATLAB_initialize
 *fill*         0x0800608c        0x4 
 .text.rtGetInf
                0x08006090       0x10 CMakeFiles/rc.elf.dir/PID_MATLAB_stm32/rtGetInf.c.obj
                0x08006090                rtGetInf
 .text.rtGetInfF
                0x080060a0        0xc CMakeFiles/rc.elf.dir/PID_MATLAB_stm32/rtGetInf.c.obj
                0x080060a0                rtGetInfF
 *fill*         0x080060ac        0x4 
 .text.rtGetMinusInf
                0x080060b0       0x10 CMakeFiles/rc.elf.dir/PID_MATLAB_stm32/rtGetInf.c.obj
                0x080060b0                rtGetMinusInf
 .text.rtGetMinusInfF
                0x080060c0        0xc CMakeFiles/rc.elf.dir/PID_MATLAB_stm32/rtGetInf.c.obj
                0x080060c0                rtGetMinusInfF
 *fill*         0x080060cc        0x4 
 .text.rtGetNaN
                0x080060d0       0x10 CMakeFiles/rc.elf.dir/PID_MATLAB_stm32/rtGetNaN.c.obj
                0x080060d0                rtGetNaN
 .text.rtGetNaNF
                0x080060e0        0xc CMakeFiles/rc.elf.dir/PID_MATLAB_stm32/rtGetNaN.c.obj
                0x080060e0                rtGetNaNF
 .text.rt_InitInfAndNaN
                0x080060ec       0x58 CMakeFiles/rc.elf.dir/PID_MATLAB_stm32/rt_nonfinite.c.obj
                0x080060ec                rt_InitInfAndNaN
 .text.pid_task0
                0x08006144      0x110 CMakeFiles/rc.elf.dir/Task/Src/pid_task.c.obj
                0x08006144                pid_task0
 .text.__errno  0x08006254        0xc d:/gcc-arm-none-eabi-10.3-2021.10-win32/gcc-arm-none-eabi-10.3-2021.10/bin/../lib/gcc/arm-none-eabi/10.3.1/../../../../arm-none-eabi/lib/thumb/v7e-m+fp/hard\libg.a(lib_a-errno.o)
                0x08006254                __errno
 .text.__libc_init_array
                0x08006260       0x48 d:/gcc-arm-none-eabi-10.3-2021.10-win32/gcc-arm-none-eabi-10.3-2021.10/bin/../lib/gcc/arm-none-eabi/10.3.1/../../../../arm-none-eabi/lib/thumb/v7e-m+fp/hard\libg.a(lib_a-init.o)
                0x08006260                __libc_init_array
 .text.memset   0x080062a8       0xa4 d:/gcc-arm-none-eabi-10.3-2021.10-win32/gcc-arm-none-eabi-10.3-2021.10/bin/../lib/gcc/arm-none-eabi/10.3.1/../../../../arm-none-eabi/lib/thumb/v7e-m+fp/hard\libg.a(lib_a-memset.o)
                0x080062a8                memset
 *fill*         0x0800634c        0x4 
 .text._strtod_l
                0x08006350      0xf50 d:/gcc-arm-none-eabi-10.3-2021.10-win32/gcc-arm-none-eabi-10.3-2021.10/bin/../lib/gcc/arm-none-eabi/10.3.1/../../../../arm-none-eabi/lib/thumb/v7e-m+fp/hard\libg.a(lib_a-strtod.o)
                0x08006350                _strtod_l
 .text.strtof   0x080072a0       0xb8 d:/gcc-arm-none-eabi-10.3-2021.10-win32/gcc-arm-none-eabi-10.3-2021.10/bin/../lib/gcc/arm-none-eabi/10.3.1/../../../../arm-none-eabi/lib/thumb/v7e-m+fp/hard\libg.a(lib_a-strtod.o)
                0x080072a0                strtof
 .text.vsnprintf
                0x08007358       0x70 d:/gcc-arm-none-eabi-10.3-2021.10-win32/gcc-arm-none-eabi-10.3-2021.10/bin/../lib/gcc/arm-none-eabi/10.3.1/../../../../arm-none-eabi/lib/thumb/v7e-m+fp/hard\libg.a(lib_a-vsnprintf.o)
                0x08007358                vsnprintf
 .text.rshift   0x080073c8       0xa4 d:/gcc-arm-none-eabi-10.3-2021.10-win32/gcc-arm-none-eabi-10.3-2021.10/bin/../lib/gcc/arm-none-eabi/10.3.1/../../../../arm-none-eabi/lib/thumb/v7e-m+fp/hard\libg.a(lib_a-gdtoa-gethex.o)
 .text.__gethex
                0x0800746c      0x5d8 d:/gcc-arm-none-eabi-10.3-2021.10-win32/gcc-arm-none-eabi-10.3-2021.10/bin/../lib/gcc/arm-none-eabi/10.3.1/../../../../arm-none-eabi/lib/thumb/v7e-m+fp/hard\libg.a(lib_a-gdtoa-gethex.o)
                0x0800746c                __gethex
 .text.__match  0x08007a44       0x38 d:/gcc-arm-none-eabi-10.3-2021.10-win32/gcc-arm-none-eabi-10.3-2021.10/bin/../lib/gcc/arm-none-eabi/10.3.1/../../../../arm-none-eabi/lib/thumb/v7e-m+fp/hard\libg.a(lib_a-gdtoa-hexnan.o)
                0x08007a44                __match
 .text.__hexnan
                0x08007a7c      0x1ac d:/gcc-arm-none-eabi-10.3-2021.10-win32/gcc-arm-none-eabi-10.3-2021.10/bin/../lib/gcc/arm-none-eabi/10.3.1/../../../../arm-none-eabi/lib/thumb/v7e-m+fp/hard\libg.a(lib_a-gdtoa-hexnan.o)
                0x08007a7c                __hexnan
 .text.__locale_mb_cur_max
                0x08007c28        0xc d:/gcc-arm-none-eabi-10.3-2021.10-win32/gcc-arm-none-eabi-10.3-2021.10/bin/../lib/gcc/arm-none-eabi/10.3.1/../../../../arm-none-eabi/lib/thumb/v7e-m+fp/hard\libg.a(lib_a-locale.o)
                0x08007c28                __locale_mb_cur_max
 .text.__retarget_lock_init_recursive
                0x08007c34        0x4 d:/gcc-arm-none-eabi-10.3-2021.10-win32/gcc-arm-none-eabi-10.3-2021.10/bin/../lib/gcc/arm-none-eabi/10.3.1/../../../../arm-none-eabi/lib/thumb/v7e-m+fp/hard\libg.a(lib_a-lock.o)
                0x08007c34                __retarget_lock_init_recursive
 .text.__retarget_lock_close_recursive
                0x08007c38        0x4 d:/gcc-arm-none-eabi-10.3-2021.10-win32/gcc-arm-none-eabi-10.3-2021.10/bin/../lib/gcc/arm-none-eabi/10.3.1/../../../../arm-none-eabi/lib/thumb/v7e-m+fp/hard\libg.a(lib_a-lock.o)
                0x08007c38                __retarget_lock_close_recursive
 .text.__retarget_lock_acquire_recursive
                0x08007c3c        0x4 d:/gcc-arm-none-eabi-10.3-2021.10-win32/gcc-arm-none-eabi-10.3-2021.10/bin/../lib/gcc/arm-none-eabi/10.3.1/../../../../arm-none-eabi/lib/thumb/v7e-m+fp/hard\libg.a(lib_a-lock.o)
                0x08007c3c                __retarget_lock_acquire_recursive
 .text.__retarget_lock_release_recursive
                0x08007c40        0x4 d:/gcc-arm-none-eabi-10.3-2021.10-win32/gcc-arm-none-eabi-10.3-2021.10/bin/../lib/gcc/arm-none-eabi/10.3.1/../../../../arm-none-eabi/lib/thumb/v7e-m+fp/hard\libg.a(lib_a-lock.o)
                0x08007c40                __retarget_lock_release_recursive
 .text.__ascii_mbtowc
                0x08007c44       0x2c d:/gcc-arm-none-eabi-10.3-2021.10-win32/gcc-arm-none-eabi-10.3-2021.10/bin/../lib/gcc/arm-none-eabi/10.3.1/../../../../arm-none-eabi/lib/thumb/v7e-m+fp/hard\libg.a(lib_a-mbtowc_r.o)
                0x08007c44                __ascii_mbtowc
 .text._Balloc  0x08007c70       0x4c d:/gcc-arm-none-eabi-10.3-2021.10-win32/gcc-arm-none-eabi-10.3-2021.10/bin/../lib/gcc/arm-none-eabi/10.3.1/../../../../arm-none-eabi/lib/thumb/v7e-m+fp/hard\libg.a(lib_a-mprec.o)
                0x08007c70                _Balloc
 .text._Bfree   0x08007cbc       0x14 d:/gcc-arm-none-eabi-10.3-2021.10-win32/gcc-arm-none-eabi-10.3-2021.10/bin/../lib/gcc/arm-none-eabi/10.3.1/../../../../arm-none-eabi/lib/thumb/v7e-m+fp/hard\libg.a(lib_a-mprec.o)
                0x08007cbc                _Bfree
 .text.__multadd
                0x08007cd0       0xa8 d:/gcc-arm-none-eabi-10.3-2021.10-win32/gcc-arm-none-eabi-10.3-2021.10/bin/../lib/gcc/arm-none-eabi/10.3.1/../../../../arm-none-eabi/lib/thumb/v7e-m+fp/hard\libg.a(lib_a-mprec.o)
                0x08007cd0                __multadd
 .text.__s2b    0x08007d78       0xb4 d:/gcc-arm-none-eabi-10.3-2021.10-win32/gcc-arm-none-eabi-10.3-2021.10/bin/../lib/gcc/arm-none-eabi/10.3.1/../../../../arm-none-eabi/lib/thumb/v7e-m+fp/hard\libg.a(lib_a-mprec.o)
                0x08007d78                __s2b
 .text.__hi0bits
                0x08007e2c       0x40 d:/gcc-arm-none-eabi-10.3-2021.10-win32/gcc-arm-none-eabi-10.3-2021.10/bin/../lib/gcc/arm-none-eabi/10.3.1/../../../../arm-none-eabi/lib/thumb/v7e-m+fp/hard\libg.a(lib_a-mprec.o)
                0x08007e2c                __hi0bits
 .text.__lo0bits
                0x08007e6c       0x60 d:/gcc-arm-none-eabi-10.3-2021.10-win32/gcc-arm-none-eabi-10.3-2021.10/bin/../lib/gcc/arm-none-eabi/10.3.1/../../../../arm-none-eabi/lib/thumb/v7e-m+fp/hard\libg.a(lib_a-mprec.o)
                0x08007e6c                __lo0bits
 .text.__i2b    0x08007ecc       0x5c d:/gcc-arm-none-eabi-10.3-2021.10-win32/gcc-arm-none-eabi-10.3-2021.10/bin/../lib/gcc/arm-none-eabi/10.3.1/../../../../arm-none-eabi/lib/thumb/v7e-m+fp/hard\libg.a(lib_a-mprec.o)
                0x08007ecc                __i2b
 .text.__multiply
                0x08007f28      0x15c d:/gcc-arm-none-eabi-10.3-2021.10-win32/gcc-arm-none-eabi-10.3-2021.10/bin/../lib/gcc/arm-none-eabi/10.3.1/../../../../arm-none-eabi/lib/thumb/v7e-m+fp/hard\libg.a(lib_a-mprec.o)
                0x08007f28                __multiply
 .text.__pow5mult
                0x08008084       0xc0 d:/gcc-arm-none-eabi-10.3-2021.10-win32/gcc-arm-none-eabi-10.3-2021.10/bin/../lib/gcc/arm-none-eabi/10.3.1/../../../../arm-none-eabi/lib/thumb/v7e-m+fp/hard\libg.a(lib_a-mprec.o)
                0x08008084                __pow5mult
 .text.__lshift
                0x08008144       0xf0 d:/gcc-arm-none-eabi-10.3-2021.10-win32/gcc-arm-none-eabi-10.3-2021.10/bin/../lib/gcc/arm-none-eabi/10.3.1/../../../../arm-none-eabi/lib/thumb/v7e-m+fp/hard\libg.a(lib_a-mprec.o)
                0x08008144                __lshift
 .text.__mcmp   0x08008234       0x44 d:/gcc-arm-none-eabi-10.3-2021.10-win32/gcc-arm-none-eabi-10.3-2021.10/bin/../lib/gcc/arm-none-eabi/10.3.1/../../../../arm-none-eabi/lib/thumb/v7e-m+fp/hard\libg.a(lib_a-mprec.o)
                0x08008234                __mcmp
 .text.__mdiff  0x08008278      0x14c d:/gcc-arm-none-eabi-10.3-2021.10-win32/gcc-arm-none-eabi-10.3-2021.10/bin/../lib/gcc/arm-none-eabi/10.3.1/../../../../arm-none-eabi/lib/thumb/v7e-m+fp/hard\libg.a(lib_a-mprec.o)
                0x08008278                __mdiff
 .text.__ulp    0x080083c4       0x60 d:/gcc-arm-none-eabi-10.3-2021.10-win32/gcc-arm-none-eabi-10.3-2021.10/bin/../lib/gcc/arm-none-eabi/10.3.1/../../../../arm-none-eabi/lib/thumb/v7e-m+fp/hard\libg.a(lib_a-mprec.o)
                0x080083c4                __ulp
 .text.__b2d    0x08008424       0xc0 d:/gcc-arm-none-eabi-10.3-2021.10-win32/gcc-arm-none-eabi-10.3-2021.10/bin/../lib/gcc/arm-none-eabi/10.3.1/../../../../arm-none-eabi/lib/thumb/v7e-m+fp/hard\libg.a(lib_a-mprec.o)
                0x08008424                __b2d
 .text.__d2b    0x080084e4       0xd0 d:/gcc-arm-none-eabi-10.3-2021.10-win32/gcc-arm-none-eabi-10.3-2021.10/bin/../lib/gcc/arm-none-eabi/10.3.1/../../../../arm-none-eabi/lib/thumb/v7e-m+fp/hard\libg.a(lib_a-mprec.o)
                0x080084e4                __d2b
 .text.__ratio  0x080085b4       0x5c d:/gcc-arm-none-eabi-10.3-2021.10-win32/gcc-arm-none-eabi-10.3-2021.10/bin/../lib/gcc/arm-none-eabi/10.3.1/../../../../arm-none-eabi/lib/thumb/v7e-m+fp/hard\libg.a(lib_a-mprec.o)
                0x080085b4                __ratio
 .text.__copybits
                0x08008610       0x5c d:/gcc-arm-none-eabi-10.3-2021.10-win32/gcc-arm-none-eabi-10.3-2021.10/bin/../lib/gcc/arm-none-eabi/10.3.1/../../../../arm-none-eabi/lib/thumb/v7e-m+fp/hard\libg.a(lib_a-mprec.o)
                0x08008610                __copybits
 .text.__any_on
                0x0800866c       0x64 d:/gcc-arm-none-eabi-10.3-2021.10-win32/gcc-arm-none-eabi-10.3-2021.10/bin/../lib/gcc/arm-none-eabi/10.3.1/../../../../arm-none-eabi/lib/thumb/v7e-m+fp/hard\libg.a(lib_a-mprec.o)
                0x0800866c                __any_on
 .text.nan      0x080086d0       0x10 d:/gcc-arm-none-eabi-10.3-2021.10-win32/gcc-arm-none-eabi-10.3-2021.10/bin/../lib/gcc/arm-none-eabi/10.3.1/../../../../arm-none-eabi/lib/thumb/v7e-m+fp/hard\libg.a(lib_a-s_nan.o)
                0x080086d0                nan
 .text.nanf     0x080086e0        0xc d:/gcc-arm-none-eabi-10.3-2021.10-win32/gcc-arm-none-eabi-10.3-2021.10/bin/../lib/gcc/arm-none-eabi/10.3.1/../../../../arm-none-eabi/lib/thumb/v7e-m+fp/hard\libg.a(lib_a-sf_nan.o)
                0x080086e0                nanf
 .text.strncmp  0x080086ec       0x80 d:/gcc-arm-none-eabi-10.3-2021.10-win32/gcc-arm-none-eabi-10.3-2021.10/bin/../lib/gcc/arm-none-eabi/10.3.1/../../../../arm-none-eabi/lib/thumb/v7e-m+fp/hard\libg.a(lib_a-strncmp.o)
                0x080086ec                strncmp
 *fill*         0x0800876c        0x4 
 .text._svfprintf_r
                0x08008770     0x1acc d:/gcc-arm-none-eabi-10.3-2021.10-win32/gcc-arm-none-eabi-10.3-2021.10/bin/../lib/gcc/arm-none-eabi/10.3.1/../../../../arm-none-eabi/lib/thumb/v7e-m+fp/hard\libg.a(lib_a-svfprintf.o)
                0x08008770                _svfprintf_r
 .text.__ascii_wctomb
                0x0800a23c       0x1c d:/gcc-arm-none-eabi-10.3-2021.10-win32/gcc-arm-none-eabi-10.3-2021.10/bin/../lib/gcc/arm-none-eabi/10.3.1/../../../../arm-none-eabi/lib/thumb/v7e-m+fp/hard\libg.a(lib_a-wctomb_r.o)
                0x0800a23c                __ascii_wctomb
 .text.__assert_func
                0x0800a258       0x40 d:/gcc-arm-none-eabi-10.3-2021.10-win32/gcc-arm-none-eabi-10.3-2021.10/bin/../lib/gcc/arm-none-eabi/10.3.1/../../../../arm-none-eabi/lib/thumb/v7e-m+fp/hard\libg.a(lib_a-assert.o)
                0x0800a258                __assert_func
 .text._calloc_r
                0x0800a298       0x78 d:/gcc-arm-none-eabi-10.3-2021.10-win32/gcc-arm-none-eabi-10.3-2021.10/bin/../lib/gcc/arm-none-eabi/10.3.1/../../../../arm-none-eabi/lib/thumb/v7e-m+fp/hard\libg.a(lib_a-callocr.o)
                0x0800a298                _calloc_r
 .text.quorem   0x0800a310      0x128 d:/gcc-arm-none-eabi-10.3-2021.10-win32/gcc-arm-none-eabi-10.3-2021.10/bin/../lib/gcc/arm-none-eabi/10.3.1/../../../../arm-none-eabi/lib/thumb/v7e-m+fp/hard\libg.a(lib_a-dtoa.o)
 .text._dtoa_r  0x0800a438      0xf3c d:/gcc-arm-none-eabi-10.3-2021.10-win32/gcc-arm-none-eabi-10.3-2021.10/bin/../lib/gcc/arm-none-eabi/10.3.1/../../../../arm-none-eabi/lib/thumb/v7e-m+fp/hard\libg.a(lib_a-dtoa.o)
                0x0800a438                _dtoa_r
 .text.fiprintf
                0x0800b374       0x28 d:/gcc-arm-none-eabi-10.3-2021.10-win32/gcc-arm-none-eabi-10.3-2021.10/bin/../lib/gcc/arm-none-eabi/10.3.1/../../../../arm-none-eabi/lib/thumb/v7e-m+fp/hard\libg.a(lib_a-fiprintf.o)
                0x0800b374                fiprintf
 .text._malloc_trim_r
                0x0800b39c       0xa0 d:/gcc-arm-none-eabi-10.3-2021.10-win32/gcc-arm-none-eabi-10.3-2021.10/bin/../lib/gcc/arm-none-eabi/10.3.1/../../../../arm-none-eabi/lib/thumb/v7e-m+fp/hard\libg.a(lib_a-freer.o)
                0x0800b39c                _malloc_trim_r
 .text._free_r  0x0800b43c      0x20c d:/gcc-arm-none-eabi-10.3-2021.10-win32/gcc-arm-none-eabi-10.3-2021.10/bin/../lib/gcc/arm-none-eabi/10.3.1/../../../../arm-none-eabi/lib/thumb/v7e-m+fp/hard\libg.a(lib_a-freer.o)
                0x0800b43c                _free_r
 .text._localeconv_r
                0x0800b648        0x8 d:/gcc-arm-none-eabi-10.3-2021.10-win32/gcc-arm-none-eabi-10.3-2021.10/bin/../lib/gcc/arm-none-eabi/10.3.1/../../../../arm-none-eabi/lib/thumb/v7e-m+fp/hard\libg.a(lib_a-localeconv.o)
                0x0800b648                _localeconv_r
 .text._malloc_r
                0x0800b650      0x560 d:/gcc-arm-none-eabi-10.3-2021.10-win32/gcc-arm-none-eabi-10.3-2021.10/bin/../lib/gcc/arm-none-eabi/10.3.1/../../../../arm-none-eabi/lib/thumb/v7e-m+fp/hard\libg.a(lib_a-mallocr.o)
                0x0800b650                _malloc_r
 .text.__malloc_lock
                0x0800bbb0        0xc d:/gcc-arm-none-eabi-10.3-2021.10-win32/gcc-arm-none-eabi-10.3-2021.10/bin/../lib/gcc/arm-none-eabi/10.3.1/../../../../arm-none-eabi/lib/thumb/v7e-m+fp/hard\libg.a(lib_a-mlock.o)
                0x0800bbb0                __malloc_lock
 .text.__malloc_unlock
                0x0800bbbc        0xc d:/gcc-arm-none-eabi-10.3-2021.10-win32/gcc-arm-none-eabi-10.3-2021.10/bin/../lib/gcc/arm-none-eabi/10.3.1/../../../../arm-none-eabi/lib/thumb/v7e-m+fp/hard\libg.a(lib_a-mlock.o)
                0x0800bbbc                __malloc_unlock
 .text.frexp    0x0800bbc8       0x6c d:/gcc-arm-none-eabi-10.3-2021.10-win32/gcc-arm-none-eabi-10.3-2021.10/bin/../lib/gcc/arm-none-eabi/10.3.1/../../../../arm-none-eabi/lib/thumb/v7e-m+fp/hard\libg.a(lib_a-s_frexp.o)
                0x0800bbc8                frexp
 .text._sbrk_r  0x0800bc34       0x24 d:/gcc-arm-none-eabi-10.3-2021.10-win32/gcc-arm-none-eabi-10.3-2021.10/bin/../lib/gcc/arm-none-eabi/10.3.1/../../../../arm-none-eabi/lib/thumb/v7e-m+fp/hard\libg.a(lib_a-sbrkr.o)
                0x0800bc34                _sbrk_r
 .text.strncpy  0x0800bc58       0x64 d:/gcc-arm-none-eabi-10.3-2021.10-win32/gcc-arm-none-eabi-10.3-2021.10/bin/../lib/gcc/arm-none-eabi/10.3.1/../../../../arm-none-eabi/lib/thumb/v7e-m+fp/hard\libg.a(lib_a-strncpy.o)
                0x0800bc58                strncpy
 .text.__ssprint_r
                0x0800bcbc       0xf8 d:/gcc-arm-none-eabi-10.3-2021.10-win32/gcc-arm-none-eabi-10.3-2021.10/bin/../lib/gcc/arm-none-eabi/10.3.1/../../../../arm-none-eabi/lib/thumb/v7e-m+fp/hard\libg.a(lib_a-svfiprintf.o)
                0x0800bcbc                __ssprint_r
 .text.__sprint_r.part.0
                0x0800bdb4       0x78 d:/gcc-arm-none-eabi-10.3-2021.10-win32/gcc-arm-none-eabi-10.3-2021.10/bin/../lib/gcc/arm-none-eabi/10.3.1/../../../../arm-none-eabi/lib/thumb/v7e-m+fp/hard\libg.a(lib_a-vfiprintf.o)
 .text._vfiprintf_r
                0x0800be2c      0xdfc d:/gcc-arm-none-eabi-10.3-2021.10-win32/gcc-arm-none-eabi-10.3-2021.10/bin/../lib/gcc/arm-none-eabi/10.3.1/../../../../arm-none-eabi/lib/thumb/v7e-m+fp/hard\libg.a(lib_a-vfiprintf.o)
                0x0800be2c                _vfiprintf_r
 .text.__sbprintf
                0x0800cc28       0x80 d:/gcc-arm-none-eabi-10.3-2021.10-win32/gcc-arm-none-eabi-10.3-2021.10/bin/../lib/gcc/arm-none-eabi/10.3.1/../../../../arm-none-eabi/lib/thumb/v7e-m+fp/hard\libg.a(lib_a-vfiprintf.o)
 .text.__swsetup_r
                0x0800cca8       0xd4 d:/gcc-arm-none-eabi-10.3-2021.10-win32/gcc-arm-none-eabi-10.3-2021.10/bin/../lib/gcc/arm-none-eabi/10.3.1/../../../../arm-none-eabi/lib/thumb/v7e-m+fp/hard\libg.a(lib_a-wsetup.o)
                0x0800cca8                __swsetup_r
 .text.abort    0x0800cd7c       0x10 d:/gcc-arm-none-eabi-10.3-2021.10-win32/gcc-arm-none-eabi-10.3-2021.10/bin/../lib/gcc/arm-none-eabi/10.3.1/../../../../arm-none-eabi/lib/thumb/v7e-m+fp/hard\libg.a(lib_a-abort.o)
                0x0800cd7c                abort
 .text.__sflush_r
                0x0800cd8c      0x130 d:/gcc-arm-none-eabi-10.3-2021.10-win32/gcc-arm-none-eabi-10.3-2021.10/bin/../lib/gcc/arm-none-eabi/10.3.1/../../../../arm-none-eabi/lib/thumb/v7e-m+fp/hard\libg.a(lib_a-fflush.o)
                0x0800cd8c                __sflush_r
 .text._fflush_r
                0x0800cebc       0x5c d:/gcc-arm-none-eabi-10.3-2021.10-win32/gcc-arm-none-eabi-10.3-2021.10/bin/../lib/gcc/arm-none-eabi/10.3.1/../../../../arm-none-eabi/lib/thumb/v7e-m+fp/hard\libg.a(lib_a-fflush.o)
                0x0800cebc                _fflush_r
 .text._cleanup_r
                0x0800cf18        0xc d:/gcc-arm-none-eabi-10.3-2021.10-win32/gcc-arm-none-eabi-10.3-2021.10/bin/../lib/gcc/arm-none-eabi/10.3.1/../../../../arm-none-eabi/lib/thumb/v7e-m+fp/hard\libg.a(lib_a-findfp.o)
                0x0800cf18                _cleanup_r
 .text.__sinit  0x0800cf24      0x10c d:/gcc-arm-none-eabi-10.3-2021.10-win32/gcc-arm-none-eabi-10.3-2021.10/bin/../lib/gcc/arm-none-eabi/10.3.1/../../../../arm-none-eabi/lib/thumb/v7e-m+fp/hard\libg.a(lib_a-findfp.o)
                0x0800cf24                __sinit
 .text.__sfp_lock_acquire
                0x0800d030        0xc d:/gcc-arm-none-eabi-10.3-2021.10-win32/gcc-arm-none-eabi-10.3-2021.10/bin/../lib/gcc/arm-none-eabi/10.3.1/../../../../arm-none-eabi/lib/thumb/v7e-m+fp/hard\libg.a(lib_a-findfp.o)
                0x0800d030                __sfp_lock_acquire
 .text.__sfp_lock_release
                0x0800d03c        0xc d:/gcc-arm-none-eabi-10.3-2021.10-win32/gcc-arm-none-eabi-10.3-2021.10/bin/../lib/gcc/arm-none-eabi/10.3.1/../../../../arm-none-eabi/lib/thumb/v7e-m+fp/hard\libg.a(lib_a-findfp.o)
                0x0800d03c                __sfp_lock_release
 .text.__fputwc
                0x0800d048       0xa8 d:/gcc-arm-none-eabi-10.3-2021.10-win32/gcc-arm-none-eabi-10.3-2021.10/bin/../lib/gcc/arm-none-eabi/10.3.1/../../../../arm-none-eabi/lib/thumb/v7e-m+fp/hard\libg.a(lib_a-fputwc.o)
                0x0800d048                __fputwc
 .text._fputwc_r
                0x0800d0f0       0x68 d:/gcc-arm-none-eabi-10.3-2021.10-win32/gcc-arm-none-eabi-10.3-2021.10/bin/../lib/gcc/arm-none-eabi/10.3.1/../../../../arm-none-eabi/lib/thumb/v7e-m+fp/hard\libg.a(lib_a-fputwc.o)
                0x0800d0f0                _fputwc_r
 .text.__sfvwrite_r
                0x0800d158      0x2f0 d:/gcc-arm-none-eabi-10.3-2021.10-win32/gcc-arm-none-eabi-10.3-2021.10/bin/../lib/gcc/arm-none-eabi/10.3.1/../../../../arm-none-eabi/lib/thumb/v7e-m+fp/hard\libg.a(lib_a-fvwrite.o)
                0x0800d158                __sfvwrite_r
 .text._fwalk_reent
                0x0800d448       0x48 d:/gcc-arm-none-eabi-10.3-2021.10-win32/gcc-arm-none-eabi-10.3-2021.10/bin/../lib/gcc/arm-none-eabi/10.3.1/../../../../arm-none-eabi/lib/thumb/v7e-m+fp/hard\libg.a(lib_a-fwalk.o)
                0x0800d448                _fwalk_reent
 .text.__smakebuf_r
                0x0800d490       0xe0 d:/gcc-arm-none-eabi-10.3-2021.10-win32/gcc-arm-none-eabi-10.3-2021.10/bin/../lib/gcc/arm-none-eabi/10.3.1/../../../../arm-none-eabi/lib/thumb/v7e-m+fp/hard\libg.a(lib_a-makebuf.o)
                0x0800d490                __smakebuf_r
 .text.memmove  0x0800d570       0xf8 d:/gcc-arm-none-eabi-10.3-2021.10-win32/gcc-arm-none-eabi-10.3-2021.10/bin/../lib/gcc/arm-none-eabi/10.3.1/../../../../arm-none-eabi/lib/thumb/v7e-m+fp/hard\libg.a(lib_a-memmove.o)
                0x0800d570                memmove
 .text._realloc_r
                0x0800d668      0x3d8 d:/gcc-arm-none-eabi-10.3-2021.10-win32/gcc-arm-none-eabi-10.3-2021.10/bin/../lib/gcc/arm-none-eabi/10.3.1/../../../../arm-none-eabi/lib/thumb/v7e-m+fp/hard\libg.a(lib_a-reallocr.o)
                0x0800d668                _realloc_r
 .text.raise    0x0800da40       0x5c d:/gcc-arm-none-eabi-10.3-2021.10-win32/gcc-arm-none-eabi-10.3-2021.10/bin/../lib/gcc/arm-none-eabi/10.3.1/../../../../arm-none-eabi/lib/thumb/v7e-m+fp/hard\libg.a(lib_a-signal.o)
                0x0800da40                raise
 .text._kill_r  0x0800da9c       0x2c d:/gcc-arm-none-eabi-10.3-2021.10-win32/gcc-arm-none-eabi-10.3-2021.10/bin/../lib/gcc/arm-none-eabi/10.3.1/../../../../arm-none-eabi/lib/thumb/v7e-m+fp/hard\libg.a(lib_a-signalr.o)
                0x0800da9c                _kill_r
 .text._getpid_r
                0x0800dac8        0x4 d:/gcc-arm-none-eabi-10.3-2021.10-win32/gcc-arm-none-eabi-10.3-2021.10/bin/../lib/gcc/arm-none-eabi/10.3.1/../../../../arm-none-eabi/lib/thumb/v7e-m+fp/hard\libg.a(lib_a-signalr.o)
                0x0800dac8                _getpid_r
 .text.__sread  0x0800dacc       0x24 d:/gcc-arm-none-eabi-10.3-2021.10-win32/gcc-arm-none-eabi-10.3-2021.10/bin/../lib/gcc/arm-none-eabi/10.3.1/../../../../arm-none-eabi/lib/thumb/v7e-m+fp/hard\libg.a(lib_a-stdio.o)
                0x0800dacc                __sread
 .text.__swrite
                0x0800daf0       0x40 d:/gcc-arm-none-eabi-10.3-2021.10-win32/gcc-arm-none-eabi-10.3-2021.10/bin/../lib/gcc/arm-none-eabi/10.3.1/../../../../arm-none-eabi/lib/thumb/v7e-m+fp/hard\libg.a(lib_a-stdio.o)
                0x0800daf0                __swrite
 .text.__sseek  0x0800db30       0x20 d:/gcc-arm-none-eabi-10.3-2021.10-win32/gcc-arm-none-eabi-10.3-2021.10/bin/../lib/gcc/arm-none-eabi/10.3.1/../../../../arm-none-eabi/lib/thumb/v7e-m+fp/hard\libg.a(lib_a-stdio.o)
                0x0800db30                __sseek
 .text.__sclose
                0x0800db50        0x8 d:/gcc-arm-none-eabi-10.3-2021.10-win32/gcc-arm-none-eabi-10.3-2021.10/bin/../lib/gcc/arm-none-eabi/10.3.1/../../../../arm-none-eabi/lib/thumb/v7e-m+fp/hard\libg.a(lib_a-stdio.o)
                0x0800db50                __sclose
 .text.__swbuf_r
                0x0800db58       0xb0 d:/gcc-arm-none-eabi-10.3-2021.10-win32/gcc-arm-none-eabi-10.3-2021.10/bin/../lib/gcc/arm-none-eabi/10.3.1/../../../../arm-none-eabi/lib/thumb/v7e-m+fp/hard\libg.a(lib_a-wbuf.o)
                0x0800db58                __swbuf_r
 .text._wcrtomb_r
                0x0800dc08       0x3c d:/gcc-arm-none-eabi-10.3-2021.10-win32/gcc-arm-none-eabi-10.3-2021.10/bin/../lib/gcc/arm-none-eabi/10.3.1/../../../../arm-none-eabi/lib/thumb/v7e-m+fp/hard\libg.a(lib_a-wcrtomb.o)
                0x0800dc08                _wcrtomb_r
 .text._write_r
                0x0800dc44       0x2c d:/gcc-arm-none-eabi-10.3-2021.10-win32/gcc-arm-none-eabi-10.3-2021.10/bin/../lib/gcc/arm-none-eabi/10.3.1/../../../../arm-none-eabi/lib/thumb/v7e-m+fp/hard\libg.a(lib_a-writer.o)
                0x0800dc44                _write_r
 .text._close_r
                0x0800dc70       0x24 d:/gcc-arm-none-eabi-10.3-2021.10-win32/gcc-arm-none-eabi-10.3-2021.10/bin/../lib/gcc/arm-none-eabi/10.3.1/../../../../arm-none-eabi/lib/thumb/v7e-m+fp/hard\libg.a(lib_a-closer.o)
                0x0800dc70                _close_r
 .text._fclose_r
                0x0800dc94       0xcc d:/gcc-arm-none-eabi-10.3-2021.10-win32/gcc-arm-none-eabi-10.3-2021.10/bin/../lib/gcc/arm-none-eabi/10.3.1/../../../../arm-none-eabi/lib/thumb/v7e-m+fp/hard\libg.a(lib_a-fclose.o)
                0x0800dc94                _fclose_r
 .text._fstat_r
                0x0800dd60       0x2c d:/gcc-arm-none-eabi-10.3-2021.10-win32/gcc-arm-none-eabi-10.3-2021.10/bin/../lib/gcc/arm-none-eabi/10.3.1/../../../../arm-none-eabi/lib/thumb/v7e-m+fp/hard\libg.a(lib_a-fstatr.o)
                0x0800dd60                _fstat_r
 .text._isatty_r
                0x0800dd8c       0x24 d:/gcc-arm-none-eabi-10.3-2021.10-win32/gcc-arm-none-eabi-10.3-2021.10/bin/../lib/gcc/arm-none-eabi/10.3.1/../../../../arm-none-eabi/lib/thumb/v7e-m+fp/hard\libg.a(lib_a-isattyr.o)
                0x0800dd8c                _isatty_r
 .text._lseek_r
                0x0800ddb0       0x2c d:/gcc-arm-none-eabi-10.3-2021.10-win32/gcc-arm-none-eabi-10.3-2021.10/bin/../lib/gcc/arm-none-eabi/10.3.1/../../../../arm-none-eabi/lib/thumb/v7e-m+fp/hard\libg.a(lib_a-lseekr.o)
                0x0800ddb0                _lseek_r
 .text._read_r  0x0800dddc       0x2c d:/gcc-arm-none-eabi-10.3-2021.10-win32/gcc-arm-none-eabi-10.3-2021.10/bin/../lib/gcc/arm-none-eabi/10.3.1/../../../../arm-none-eabi/lib/thumb/v7e-m+fp/hard\libg.a(lib_a-readr.o)
                0x0800dddc                _read_r
 *(.glue_7)
 .glue_7        0x0800de08        0x0 linker stubs
 *(.glue_7t)
 .glue_7t       0x0800de08        0x0 linker stubs
 *(.eh_frame)
 *(.init)
 .init          0x0800de08        0x4 d:/gcc-arm-none-eabi-10.3-2021.10-win32/gcc-arm-none-eabi-10.3-2021.10/bin/../lib/gcc/arm-none-eabi/10.3.1/thumb/v7e-m+fp/hard/crti.o
                0x0800de08                _init
 .init          0x0800de0c        0x8 d:/gcc-arm-none-eabi-10.3-2021.10-win32/gcc-arm-none-eabi-10.3-2021.10/bin/../lib/gcc/arm-none-eabi/10.3.1/thumb/v7e-m+fp/hard/crtn.o
 *(.fini)
 .fini          0x0800de14        0x4 d:/gcc-arm-none-eabi-10.3-2021.10-win32/gcc-arm-none-eabi-10.3-2021.10/bin/../lib/gcc/arm-none-eabi/10.3.1/thumb/v7e-m+fp/hard/crti.o
                0x0800de14                _fini
 .fini          0x0800de18        0x8 d:/gcc-arm-none-eabi-10.3-2021.10-win32/gcc-arm-none-eabi-10.3-2021.10/bin/../lib/gcc/arm-none-eabi/10.3.1/thumb/v7e-m+fp/hard/crtn.o
                0x0800de20                . = ALIGN (0x4)
                0x0800de20                _etext = .

.vfp11_veneer   0x0800de20        0x0
 .vfp11_veneer  0x0800de20        0x0 linker stubs

.v4_bx          0x0800de20        0x0
 .v4_bx         0x0800de20        0x0 linker stubs

.iplt           0x0800de20        0x0
 .iplt          0x0800de20        0x0 CMakeFiles/rc.elf.dir/Bottom/Scr/debug.c.obj

.rodata         0x0800de20      0x694
                0x0800de20                . = ALIGN (0x4)
 *(.rodata)
 *(.rodata*)
 .rodata.str1.4
                0x0800de20       0x14 CMakeFiles/rc.elf.dir/Core/Src/freertos.c.obj
 .rodata.PidTask_attributes
                0x0800de34       0x24 CMakeFiles/rc.elf.dir/Core/Src/freertos.c.obj
                0x0800de34                PidTask_attributes
 .rodata.defaultTask_attributes
                0x0800de58       0x24 CMakeFiles/rc.elf.dir/Core/Src/freertos.c.obj
                0x0800de58                defaultTask_attributes
 .rodata.AHBPrescTable
                0x0800de7c       0x10 CMakeFiles/rc.elf.dir/Core/Src/system_stm32f4xx.c.obj
                0x0800de7c                AHBPrescTable
 .rodata.APBPrescTable
                0x0800de8c        0x8 CMakeFiles/rc.elf.dir/Core/Src/system_stm32f4xx.c.obj
                0x0800de8c                APBPrescTable
 .rodata.flagBitshiftOffset.0
                0x0800de94        0x8 CMakeFiles/rc.elf.dir/Drivers/STM32F4xx_HAL_Driver/Src/stm32f4xx_hal_dma.c.obj
 .rodata.vTaskStartScheduler.str1.4
                0x0800de9c        0x5 CMakeFiles/rc.elf.dir/Middlewares/Third_Party/FreeRTOS/Source/tasks.c.obj
 *fill*         0x0800dea1        0x3 
 .rodata.prvCheckForValidListAndQueue.str1.4
                0x0800dea4        0x5 CMakeFiles/rc.elf.dir/Middlewares/Third_Party/FreeRTOS/Source/timers.c.obj
 *fill*         0x0800dea9        0x3 
 .rodata.xTimerCreateTimerTask.str1.4
                0x0800deac        0x8 CMakeFiles/rc.elf.dir/Middlewares/Third_Party/FreeRTOS/Source/timers.c.obj
 .rodata.pid_task0.str1.4
                0x0800deb4        0xd CMakeFiles/rc.elf.dir/Task/Src/pid_task.c.obj
 *fill*         0x0800dec1        0x3 
 .rodata._strtod_l.str1.4
                0x0800dec4        0xf d:/gcc-arm-none-eabi-10.3-2021.10-win32/gcc-arm-none-eabi-10.3-2021.10/bin/../lib/gcc/arm-none-eabi/10.3.1/../../../../arm-none-eabi/lib/thumb/v7e-m+fp/hard\libg.a(lib_a-strtod.o)
                                 0x11 (size before relaxing)
 *fill*         0x0800ded3        0x1 
 .rodata.fpi.1  0x0800ded4       0x14 d:/gcc-arm-none-eabi-10.3-2021.10-win32/gcc-arm-none-eabi-10.3-2021.10/bin/../lib/gcc/arm-none-eabi/10.3.1/../../../../arm-none-eabi/lib/thumb/v7e-m+fp/hard\libg.a(lib_a-strtod.o)
 .rodata.fpinan.0
                0x0800dee8       0x14 d:/gcc-arm-none-eabi-10.3-2021.10-win32/gcc-arm-none-eabi-10.3-2021.10/bin/../lib/gcc/arm-none-eabi/10.3.1/../../../../arm-none-eabi/lib/thumb/v7e-m+fp/hard\libg.a(lib_a-strtod.o)
 *fill*         0x0800defc        0x4 
 .rodata.tinytens
                0x0800df00       0x28 d:/gcc-arm-none-eabi-10.3-2021.10-win32/gcc-arm-none-eabi-10.3-2021.10/bin/../lib/gcc/arm-none-eabi/10.3.1/../../../../arm-none-eabi/lib/thumb/v7e-m+fp/hard\libg.a(lib_a-strtod.o)
 .rodata.__gethex.str1.4
                0x0800df28       0x9a d:/gcc-arm-none-eabi-10.3-2021.10-win32/gcc-arm-none-eabi-10.3-2021.10/bin/../lib/gcc/arm-none-eabi/10.3.1/../../../../arm-none-eabi/lib/thumb/v7e-m+fp/hard\libg.a(lib_a-gdtoa-gethex.o)
 *fill*         0x0800dfc2        0x2 
 .rodata.__hexdig
                0x0800dfc4      0x100 d:/gcc-arm-none-eabi-10.3-2021.10-win32/gcc-arm-none-eabi-10.3-2021.10/bin/../lib/gcc/arm-none-eabi/10.3.1/../../../../arm-none-eabi/lib/thumb/v7e-m+fp/hard\libg.a(lib_a-gdtoa-gethex.o)
                0x0800dfc4                __hexdig
 .rodata.str1.4
                0x0800e0c4        0x2 d:/gcc-arm-none-eabi-10.3-2021.10-win32/gcc-arm-none-eabi-10.3-2021.10/bin/../lib/gcc/arm-none-eabi/10.3.1/../../../../arm-none-eabi/lib/thumb/v7e-m+fp/hard\libg.a(lib_a-lnumeric.o)
                                  0x5 (size before relaxing)
 *fill*         0x0800e0c6        0x2 
 .rodata._C_numeric_locale
                0x0800e0c8        0xc d:/gcc-arm-none-eabi-10.3-2021.10-win32/gcc-arm-none-eabi-10.3-2021.10/bin/../lib/gcc/arm-none-eabi/10.3.1/../../../../arm-none-eabi/lib/thumb/v7e-m+fp/hard\libg.a(lib_a-lnumeric.o)
                0x0800e0c8                _C_numeric_locale
 .rodata._setlocale_r.str1.4
                0x0800e0d4        0xa d:/gcc-arm-none-eabi-10.3-2021.10-win32/gcc-arm-none-eabi-10.3-2021.10/bin/../lib/gcc/arm-none-eabi/10.3.1/../../../../arm-none-eabi/lib/thumb/v7e-m+fp/hard\libg.a(lib_a-locale.o)
                                  0xd (size before relaxing)
 .rodata.str1.4
                0x0800e0de        0x2 d:/gcc-arm-none-eabi-10.3-2021.10-win32/gcc-arm-none-eabi-10.3-2021.10/bin/../lib/gcc/arm-none-eabi/10.3.1/../../../../arm-none-eabi/lib/thumb/v7e-m+fp/hard\libg.a(lib_a-locale.o)
 *fill*         0x0800e0de        0x2 
 .rodata.__multadd.str1.4
                0x0800e0e0       0x7f d:/gcc-arm-none-eabi-10.3-2021.10-win32/gcc-arm-none-eabi-10.3-2021.10/bin/../lib/gcc/arm-none-eabi/10.3.1/../../../../arm-none-eabi/lib/thumb/v7e-m+fp/hard\libg.a(lib_a-mprec.o)
                                 0x93 (size before relaxing)
 *fill*         0x0800e15f        0x1 
 .rodata.__mprec_bigtens
                0x0800e160       0x28 d:/gcc-arm-none-eabi-10.3-2021.10-win32/gcc-arm-none-eabi-10.3-2021.10/bin/../lib/gcc/arm-none-eabi/10.3.1/../../../../arm-none-eabi/lib/thumb/v7e-m+fp/hard\libg.a(lib_a-mprec.o)
                0x0800e160                __mprec_bigtens
 .rodata.__mprec_tens
                0x0800e188       0xc8 d:/gcc-arm-none-eabi-10.3-2021.10-win32/gcc-arm-none-eabi-10.3-2021.10/bin/../lib/gcc/arm-none-eabi/10.3.1/../../../../arm-none-eabi/lib/thumb/v7e-m+fp/hard\libg.a(lib_a-mprec.o)
                0x0800e188                __mprec_tens
 .rodata.p05.0  0x0800e250        0xc d:/gcc-arm-none-eabi-10.3-2021.10-win32/gcc-arm-none-eabi-10.3-2021.10/bin/../lib/gcc/arm-none-eabi/10.3.1/../../../../arm-none-eabi/lib/thumb/v7e-m+fp/hard\libg.a(lib_a-mprec.o)
 .rodata._svfprintf_r.str1.4
                0x0800e25c       0x42 d:/gcc-arm-none-eabi-10.3-2021.10-win32/gcc-arm-none-eabi-10.3-2021.10/bin/../lib/gcc/arm-none-eabi/10.3.1/../../../../arm-none-eabi/lib/thumb/v7e-m+fp/hard\libg.a(lib_a-svfprintf.o)
 *fill*         0x0800e29e        0x2 
 .rodata.blanks.1
                0x0800e2a0       0x10 d:/gcc-arm-none-eabi-10.3-2021.10-win32/gcc-arm-none-eabi-10.3-2021.10/bin/../lib/gcc/arm-none-eabi/10.3.1/../../../../arm-none-eabi/lib/thumb/v7e-m+fp/hard\libg.a(lib_a-svfprintf.o)
 .rodata.zeroes.0
                0x0800e2b0       0x10 d:/gcc-arm-none-eabi-10.3-2021.10-win32/gcc-arm-none-eabi-10.3-2021.10/bin/../lib/gcc/arm-none-eabi/10.3.1/../../../../arm-none-eabi/lib/thumb/v7e-m+fp/hard\libg.a(lib_a-svfprintf.o)
 .rodata.__assert_func.str1.4
                0x0800e2c0       0x3f d:/gcc-arm-none-eabi-10.3-2021.10-win32/gcc-arm-none-eabi-10.3-2021.10/bin/../lib/gcc/arm-none-eabi/10.3.1/../../../../arm-none-eabi/lib/thumb/v7e-m+fp/hard\libg.a(lib_a-assert.o)
                                 0x43 (size before relaxing)
 *fill*         0x0800e2ff        0x1 
 .rodata._ctype_
                0x0800e300      0x101 d:/gcc-arm-none-eabi-10.3-2021.10-win32/gcc-arm-none-eabi-10.3-2021.10/bin/../lib/gcc/arm-none-eabi/10.3.1/../../../../arm-none-eabi/lib/thumb/v7e-m+fp/hard\libg.a(lib_a-ctype_.o)
                0x0800e300                _ctype_
 *fill*         0x0800e401        0x3 
 .rodata._dtoa_r.str1.4
                0x0800e404       0x8e d:/gcc-arm-none-eabi-10.3-2021.10-win32/gcc-arm-none-eabi-10.3-2021.10/bin/../lib/gcc/arm-none-eabi/10.3.1/../../../../arm-none-eabi/lib/thumb/v7e-m+fp/hard\libg.a(lib_a-dtoa.o)
                                 0xa6 (size before relaxing)
 .rodata._vfiprintf_r.str1.4
                0x0800e492       0x2f d:/gcc-arm-none-eabi-10.3-2021.10-win32/gcc-arm-none-eabi-10.3-2021.10/bin/../lib/gcc/arm-none-eabi/10.3.1/../../../../arm-none-eabi/lib/thumb/v7e-m+fp/hard\libg.a(lib_a-vfiprintf.o)
 *fill*         0x0800e492        0x2 
 .rodata.blanks.1
                0x0800e494       0x10 d:/gcc-arm-none-eabi-10.3-2021.10-win32/gcc-arm-none-eabi-10.3-2021.10/bin/../lib/gcc/arm-none-eabi/10.3.1/../../../../arm-none-eabi/lib/thumb/v7e-m+fp/hard\libg.a(lib_a-vfiprintf.o)
 .rodata.zeroes.0
                0x0800e4a4       0x10 d:/gcc-arm-none-eabi-10.3-2021.10-win32/gcc-arm-none-eabi-10.3-2021.10/bin/../lib/gcc/arm-none-eabi/10.3.1/../../../../arm-none-eabi/lib/thumb/v7e-m+fp/hard\libg.a(lib_a-vfiprintf.o)
                0x0800e4b4                . = ALIGN (0x4)
                0x0800e4bc                _sidata = LOADADDR (.data)

.ARM.exidx      0x0800e4b4        0x8
 .ARM.exidx     0x0800e4b4        0x8 d:/gcc-arm-none-eabi-10.3-2021.10-win32/gcc-arm-none-eabi-10.3-2021.10/bin/../lib/gcc/arm-none-eabi/10.3.1/thumb/v7e-m+fp/hard\libgcc.a(_udivmoddi4.o)

.rel.dyn        0x0800e4bc        0x0
 .rel.iplt      0x0800e4bc        0x0 CMakeFiles/rc.elf.dir/Bottom/Scr/debug.c.obj

.data           0x20000000      0x9c0 load address 0x0800e4bc
                0x20000000                . = ALIGN (0x4)
                0x20000000                _sdata = .
 *(.data)
 *(.data*)
 .data.SystemCoreClock
                0x20000000        0x4 CMakeFiles/rc.elf.dir/Core/Src/system_stm32f4xx.c.obj
                0x20000000                SystemCoreClock
 .data.uwTickFreq
                0x20000004        0x1 CMakeFiles/rc.elf.dir/Drivers/STM32F4xx_HAL_Driver/Src/stm32f4xx_hal.c.obj
                0x20000004                uwTickFreq
 *fill*         0x20000005        0x3 
 .data.uwTickPrio
                0x20000008        0x4 CMakeFiles/rc.elf.dir/Drivers/STM32F4xx_HAL_Driver/Src/stm32f4xx_hal.c.obj
                0x20000008                uwTickPrio
 .data.uxCriticalNesting
                0x2000000c        0x4 CMakeFiles/rc.elf.dir/Middlewares/Third_Party/FreeRTOS/Source/portable/GCC/ARM_CM4F/port.c.obj
 .data._impure_ptr
                0x20000010        0x4 d:/gcc-arm-none-eabi-10.3-2021.10-win32/gcc-arm-none-eabi-10.3-2021.10/bin/../lib/gcc/arm-none-eabi/10.3.1/../../../../arm-none-eabi/lib/thumb/v7e-m+fp/hard\libg.a(lib_a-impure.o)
                0x20000010                _impure_ptr
 *fill*         0x20000014        0x4 
 .data.impure_data
                0x20000018      0x428 d:/gcc-arm-none-eabi-10.3-2021.10-win32/gcc-arm-none-eabi-10.3-2021.10/bin/../lib/gcc/arm-none-eabi/10.3.1/../../../../arm-none-eabi/lib/thumb/v7e-m+fp/hard\libg.a(lib_a-impure.o)
 .data.numempty
                0x20000440        0x2 d:/gcc-arm-none-eabi-10.3-2021.10-win32/gcc-arm-none-eabi-10.3-2021.10/bin/../lib/gcc/arm-none-eabi/10.3.1/../../../../arm-none-eabi/lib/thumb/v7e-m+fp/hard\libg.a(lib_a-lnumeric.o)
 *fill*         0x20000442        0x2 
 .data.__global_locale
                0x20000444      0x16c d:/gcc-arm-none-eabi-10.3-2021.10-win32/gcc-arm-none-eabi-10.3-2021.10/bin/../lib/gcc/arm-none-eabi/10.3.1/../../../../arm-none-eabi/lib/thumb/v7e-m+fp/hard\libg.a(lib_a-locale.o)
                0x20000444                __global_locale
 .data.__malloc_av_
                0x200005b0      0x408 d:/gcc-arm-none-eabi-10.3-2021.10-win32/gcc-arm-none-eabi-10.3-2021.10/bin/../lib/gcc/arm-none-eabi/10.3.1/../../../../arm-none-eabi/lib/thumb/v7e-m+fp/hard\libg.a(lib_a-mallocr.o)
                0x200005b0                __malloc_av_
 .data.__malloc_sbrk_base